Component: ARM Compiler 5.06 update 7 (build 960) Tool: armlink [4d3601]

==============================================================================

Section Cross References

    startup_stm32f103xb.o(STACK) refers (Special) to heapauxi.o(.text) for __use_two_region_memory
    startup_stm32f103xb.o(HEAP) refers (Special) to heapauxi.o(.text) for __use_two_region_memory
    startup_stm32f103xb.o(RESET) refers (Special) to heapauxi.o(.text) for __use_two_region_memory
    startup_stm32f103xb.o(RESET) refers to startup_stm32f103xb.o(STACK) for __initial_sp
    startup_stm32f103xb.o(RESET) refers to startup_stm32f103xb.o(.text) for Reset_Handler
    startup_stm32f103xb.o(RESET) refers to stm32f1xx_it.o(i.NMI_Handler) for NMI_Handler
    startup_stm32f103xb.o(RESET) refers to stm32f1xx_it.o(i.HardFault_Handler) for HardFault_Handler
    startup_stm32f103xb.o(RESET) refers to stm32f1xx_it.o(i.MemManage_Handler) for MemManage_Handler
    startup_stm32f103xb.o(RESET) refers to stm32f1xx_it.o(i.BusFault_Handler) for BusFault_Handler
    startup_stm32f103xb.o(RESET) refers to stm32f1xx_it.o(i.UsageFault_Handler) for UsageFault_Handler
    startup_stm32f103xb.o(RESET) refers to stm32f1xx_it.o(i.SVC_Handler) for SVC_Handler
    startup_stm32f103xb.o(RESET) refers to stm32f1xx_it.o(i.DebugMon_Handler) for DebugMon_Handler
    startup_stm32f103xb.o(RESET) refers to stm32f1xx_it.o(i.PendSV_Handler) for PendSV_Handler
    startup_stm32f103xb.o(RESET) refers to stm32f1xx_it.o(i.SysTick_Handler) for SysTick_Handler
    startup_stm32f103xb.o(RESET) refers to stm32f1xx_it.o(i.EXTI9_5_IRQHandler) for EXTI9_5_IRQHandler
    startup_stm32f103xb.o(RESET) refers to stm32f1xx_it.o(i.TIM2_IRQHandler) for TIM2_IRQHandler
    startup_stm32f103xb.o(RESET) refers to stm32f1xx_it.o(i.USART3_IRQHandler) for USART3_IRQHandler
    startup_stm32f103xb.o(RESET) refers to stm32f1xx_it.o(i.EXTI15_10_IRQHandler) for EXTI15_10_IRQHandler
    startup_stm32f103xb.o(.text) refers (Special) to heapauxi.o(.text) for __use_two_region_memory
    startup_stm32f103xb.o(.text) refers to system_stm32f1xx.o(i.SystemInit) for SystemInit
    startup_stm32f103xb.o(.text) refers to __main.o(!!!main) for __main
    startup_stm32f103xb.o(.text) refers to startup_stm32f103xb.o(HEAP) for Heap_Mem
    startup_stm32f103xb.o(.text) refers to startup_stm32f103xb.o(STACK) for Stack_Mem
    main.o(i.HAL_GPIO_EXTI_Callback) refers to k155id1.o(i.Nixie_Display_Set) for Nixie_Display_Set
    main.o(i.HAL_GPIO_EXTI_Callback) refers to wifi.o(i.WIFI_GetTime) for WIFI_GetTime
    main.o(i.HAL_GPIO_EXTI_Callback) refers to main.o(.data) for .data
    main.o(i.HAL_TIM_PeriodElapsedCallback) refers to k155id1.o(i.Nixie_Display_Set) for Nixie_Display_Set
    main.o(i.HAL_TIM_PeriodElapsedCallback) refers to stm32f1xx_hal_gpio.o(i.HAL_GPIO_TogglePin) for HAL_GPIO_TogglePin
    main.o(i.HAL_TIM_PeriodElapsedCallback) refers to ds3231_iic.o(i.I2C_DS3231_getTime) for I2C_DS3231_getTime
    main.o(i.HAL_TIM_PeriodElapsedCallback) refers to oled.o(i.OLED_Clock) for OLED_Clock
    main.o(i.HAL_TIM_PeriodElapsedCallback) refers to oled.o(i.OLED_ShowNum) for OLED_ShowNum
    main.o(i.HAL_TIM_PeriodElapsedCallback) refers to k155id1.o(i.Nixie_Num_Set) for Nixie_Num_Set
    main.o(i.HAL_TIM_PeriodElapsedCallback) refers to main.o(.data) for .data
    main.o(i.HAL_TIM_PeriodElapsedCallback) refers to ds3231_iic.o(.bss) for calendar
    main.o(i.HAL_UART_RxCpltCallback) refers to rt_memclr.o(.text) for __aeabi_memclr
    main.o(i.HAL_UART_RxCpltCallback) refers to strcpy.o(.text) for strcpy
    main.o(i.HAL_UART_RxCpltCallback) refers to stm32f1xx_hal_uart.o(i.HAL_UART_Receive_IT) for HAL_UART_Receive_IT
    main.o(i.HAL_UART_RxCpltCallback) refers to main.o(.data) for .data
    main.o(i.HAL_UART_RxCpltCallback) refers to main.o(.bss) for .bss
    main.o(i.HAL_UART_RxCpltCallback) refers to wifi.o(.bss) for Timejson
    main.o(i.HAL_UART_RxCpltCallback) refers to usart.o(.bss) for huart3
    main.o(i.SystemClock_Config) refers to rt_memclr_w.o(.text) for __aeabi_memclr4
    main.o(i.SystemClock_Config) refers to stm32f1xx_hal_rcc.o(i.HAL_RCC_OscConfig) for HAL_RCC_OscConfig
    main.o(i.SystemClock_Config) refers to stm32f1xx_hal_rcc.o(i.HAL_RCC_ClockConfig) for HAL_RCC_ClockConfig
    main.o(i.main) refers to stm32f1xx_hal.o(i.HAL_Init) for HAL_Init
    main.o(i.main) refers to main.o(i.SystemClock_Config) for SystemClock_Config
    main.o(i.main) refers to gpio.o(i.MX_GPIO_Init) for MX_GPIO_Init
    main.o(i.main) refers to tim.o(i.MX_TIM2_Init) for MX_TIM2_Init
    main.o(i.main) refers to usart.o(i.MX_USART3_UART_Init) for MX_USART3_UART_Init
    main.o(i.main) refers to spi.o(i.MX_SPI2_Init) for MX_SPI2_Init
    main.o(i.main) refers to oled.o(i.OLED_Init) for OLED_Init
    main.o(i.main) refers to wifi.o(i.WIFI_Init) for WIFI_Init
    main.o(i.main) refers to ds3231_iic.o(i.I2C_DS3231_Init) for I2C_DS3231_Init
[...]
    __rt_heap_escrow                         0x0800085b   Thumb Code     2  heapauxi.o(.text)
    __rt_heap_expand                         0x0800085d   Thumb Code     2  heapauxi.o(.text)
    _sys_exit                                0x08000861   Thumb Code     8  sys_exit.o(.text)
    __user_libspace                          0x0800086d   Thumb Code     8  libspace.o(.text)
    __user_perproc_libspace                  0x0800086d   Thumb Code     0  libspace.o(.text)
    __user_perthread_libspace                0x0800086d   Thumb Code     0  libspace.o(.text)
    __rt_heap_descriptor                     0x08000875   Thumb Code     8  rt_heap_descriptor_intlibspace.o(.text)
    __use_no_heap                            0x0800087d   Thumb Code     2  hguard.o(.text)
    __heap$guard                             0x0800087f   Thumb Code     2  hguard.o(.text)
    _terminate_user_alloc                    0x08000881   Thumb Code     2  init_alloc.o(.text)
    _init_user_alloc                         0x08000883   Thumb Code     2  init_alloc.o(.text)
    __Heap_Full                              0x08000885   Thumb Code    34  init_alloc.o(.text)
    __Heap_Broken                            0x080008a7   Thumb Code     6  init_alloc.o(.text)
    _init_alloc                              0x080008ad   Thumb Code    94  init_alloc.o(.text)
    __Heap_Initialize                        0x0800090b   Thumb Code    10  h1_init.o(.text)
    __Heap_DescSize                          0x08000915   Thumb Code     4  h1_init.o(.text)
    _printf_pre_padding                      0x08000919   Thumb Code    44  _printf_pad.o(.text)
    _printf_post_padding                     0x08000945   Thumb Code    34  _printf_pad.o(.text)
    _printf_truncate_signed                  0x08000967   Thumb Code    18  _printf_truncate.o(.text)
    _printf_truncate_unsigned                0x08000979   Thumb Code    18  _printf_truncate.o(.text)
    _printf_int_dec                          0x0800098d   Thumb Code   104  _printf_dec.o(.text)
    _printf_charcount                        0x08000a05   Thumb Code    40  _printf_charcount.o(.text)
    __lib_sel_fp_printf                      0x08000a2d   Thumb Code     2  _printf_fp_dec.o(.text)
    _printf_fp_dec_real                      0x08000bdf   Thumb Code   620  _printf_fp_dec.o(.text)
    _printf_char_common                      0x08000e57   Thumb Code    32  _printf_char_common.o(.text)
    _sputc                                   0x08000e7d   Thumb Code    10  _sputc.o(.text)
    _snputc                                  0x08000e87   Thumb Code    16  _snputc.o(.text)
    _printf_cs_common                        0x08000e97   Thumb Code    20  _printf_char.o(.text)
    _printf_char                             0x08000eab   Thumb Code    16  _printf_char.o(.text)
    _printf_string                           0x08000ebb   Thumb Code     8  _printf_char.o(.text)
    _printf_wctomb                           0x08000ec5   Thumb Code   182  _printf_wctomb.o(.text)
    _printf_longlong_dec                     0x08000f81   Thumb Code   108  _printf_longlong_dec.o(.text)
    _printf_longlong_oct                     0x08000ffd   Thumb Code    66  _printf_oct_int_ll.o(.text)
    _printf_int_oct                          0x0800103f   Thumb Code    24  _printf_oct_int_ll.o(.text)
    _printf_ll_oct                           0x08001057   Thumb Code    12  _printf_oct_int_ll.o(.text)
    _printf_longlong_hex                     0x0800106d   Thumb Code    86  _printf_hex_int_ll_ptr.o(.text)
    _printf_int_hex                          0x080010c3   Thumb Code    28  _printf_hex_int_ll_ptr.o(.text)
    _printf_ll_hex                           0x080010df   Thumb Code    12  _printf_hex_int_ll_ptr.o(.text)
    _printf_hex_ptr                          0x080010eb   Thumb Code    18  _printf_hex_int_ll_ptr.o(.text)
    __strtod_int                             0x0800113d   Thumb Code    90  strtod.o(.text)
    __strtoll                                0x080011a5   Thumb Code   144  __strtoll.o(.text)
    __rt_SIGABRT                             0x08001235   Thumb Code    14  defsig_abrt_outer.o(.text)
    __I$use$semihosting                      0x08001243   Thumb Code     0  use_no_semi.o(.text)
    __use_no_semihosting_swi                 0x08001243   Thumb Code     2  use_no_semi.o(.text)
    __rt_ctype_table                         0x08001245   Thumb Code    16  rt_ctype_table.o(.text)
    __semihosting_library_function           0x08001245   Thumb Code     0  indicate_semi.o(.text)
    __rt_locale                              0x08001255   Thumb Code     8  rt_locale_intlibspace.o(.text)
    __Heap_ProvideMemory                     0x0800125d   Thumb Code    52  h1_extend.o(.text)
    _ll_udiv10                               0x08001291   Thumb Code   138  lludiv10.o(.text)
    isspace                                  0x0800131b   Thumb Code    18  isspace.o(.text)
    _printf_int_common                       0x0800132d   Thumb Code   178  _printf_intcommon.o(.text)
    _printf_fp_infnan                        0x080013e1   Thumb Code   112  _printf_fp_infnan.o(.text)
    _printf_lcs_common                       0x08001461   Thumb Code    20  _printf_wchar.o(.text)
    _printf_wchar                            0x08001475   Thumb Code    16  _printf_wchar.o(.text)
    _printf_wstring                          0x08001485   Thumb Code     8  _printf_wchar.o(.text)
    _sgetc                                   0x0800148d   Thumb Code    30  _sgetc.o(.text)
    _sbackspace                              0x080014ab   Thumb Code    34  _sgetc.o(.text)
    _strtoull                                0x080014cd   Thumb Code   194  _strtoull.o(.text)
    _btod_etento                             0x08001591   Thumb Code   224  bigflt0.o(.text)
    _wcrtomb                                 0x08001675   Thumb Code    64  _wcrtomb.o(.text)
    __sig_exit                               0x080016b5   Thumb Code    10  defsig_exit.o(.text)
    __rt_SIGABRT_inner                       0x080016c1   Thumb Code    14  defsig_abrt_inner.o(.text)
    __rt_SIGRTMEM                            0x080016f1   Thumb Code    14  defsig_rtmem_outer.o(.text)
    __user_setup_stackheap                   0x080016ff   Thumb Code    74  sys_stackheap_outer.o(.text)
    _chval                                   0x08001749   Thumb Code    28  _chval.o(.text)
    _scanf_really_real                       0x080019b1   Thumb Code   684  scanf_fp.o(.text)
    exit                                     0x08001c5d   Thumb Code    18  exit.o(.text)
    __default_signal_display                 0x08001c6f   Thumb Code    50  defsig_general.o(.text)
    __rt_SIGRTMEM_inner                      0x08001ca1   Thumb Code    22  defsig_rtmem_inner.o(.text)
    _ttywrch                                 0x08001cf1   Thumb Code    14  sys_wrch.o(.text)
    __read_errno                             0x08001cff   Thumb Code    10  _rserrno.o(.text)
    __set_errno                              0x08001d09   Thumb Code    12  _rserrno.o(.text)
    _scanf_really_hex_real                   0x08001d15   Thumb Code   786  scanf_hexfp.o(.text)
    _scanf_really_infnan                     0x08002035   Thumb Code   292  scanf_infnan.o(.text)
    __aeabi_llsl                             0x08002169   Thumb Code     0  llshl.o(.text)
    _ll_shift_l                              0x08002169   Thumb Code    38  llshl.o(.text)
    _btod_d2e                                0x0800218f   Thumb Code    62  btod.o(CL$$btod_d2e)
    _d2e_denorm_low                          0x080021cd   Thumb Code    70  btod.o(CL$$btod_d2e_denorm_low)
    _d2e_norm_op1                            0x08002213   Thumb Code    96  btod.o(CL$$btod_d2e_norm_op1)
    __btod_div_common                        0x08002273   Thumb Code   696  btod.o(CL$$btod_div_common)
    _e2d                                     0x080025ad   Thumb Code   122  btod.o(CL$$btod_e2d)
    _e2e                                     0x08002631   Thumb Code   220  btod.o(CL$$btod_e2e)
    _btod_ediv                               0x0800270d   Thumb Code    42  btod.o(CL$$btod_ediv)
    _btod_edivd                              0x08002737   Thumb Code    42  btod.o(CL$$btod_edivd)
    _btod_emul                               0x08002761   Thumb Code    42  btod.o(CL$$btod_emul)
    _btod_emuld                              0x0800278b   Thumb Code    42  btod.o(CL$$btod_emuld)
    __btod_mult_common                       0x080027b5   Thumb Code   580  btod.o(CL$$btod_mult_common)
    BCD_DEC                                  0x080029f9   Thumb Code    18  ds3231_iic.o(i.BCD_DEC)
    BusFault_Handler                         0x08002a0b   Thumb Code     2  stm32f1xx_it.o(i.BusFault_Handler)
    CharToInt                                0x08002a0d   Thumb Code    50  main.o(i.CharToInt)
    DEC_BCD                                  0x08002a3f   Thumb Code    22  ds3231_iic.o(i.DEC_BCD)
    DebugMon_Handler                         0x08002a55   Thumb Code     2  stm32f1xx_it.o(i.DebugMon_Handler)
    Delay                                    0x08002a57   Thumb Code    16  wifi.o(i.Delay)
    EXTI15_10_IRQHandler                     0x08002a67   Thumb Code    22  stm32f1xx_it.o(i.EXTI15_10_IRQHandler)
    EXTI9_5_IRQHandler                       0x08002a7d   Thumb Code     6  stm32f1xx_it.o(i.EXTI9_5_IRQHandler)
    Error_Handler                            0x08002a83   Thumb Code     2  main.o(i.Error_Handler)
    HAL_DMA_Abort                            0x08002a85   Thumb Code    70  stm32f1xx_hal_dma.o(i.HAL_DMA_Abort)
    HAL_DMA_Abort_IT                         0x08002acd   Thumb Code   148  stm32f1xx_hal_dma.o(i.HAL_DMA_Abort_IT)
    HAL_Delay                                0x08002b65   Thumb Code    32  stm32f1xx_hal.o(i.HAL_Delay)
    HAL_GPIO_EXTI_Callback                   0x08002b89   Thumb Code    52  main.o(i.HAL_GPIO_EXTI_Callback)
    HAL_GPIO_EXTI_IRQHandler                 0x08002bc1   Thumb Code    18  stm32f1xx_hal_gpio.o(i.HAL_GPIO_EXTI_IRQHandler)
    HAL_GPIO_Init                            0x08002bd9   Thumb Code   446  stm32f1xx_hal_gpio.o(i.HAL_GPIO_Init)
    HAL_GPIO_ReadPin                         0x08002db9   Thumb Code    10  stm32f1xx_hal_gpio.o(i.HAL_GPIO_ReadPin)
    HAL_GPIO_TogglePin                       0x08002dc3   Thumb Code    16  stm32f1xx_hal_gpio.o(i.HAL_GPIO_TogglePin)
    HAL_GPIO_WritePin                        0x08002dd3   Thumb Code    10  stm32f1xx_hal_gpio.o(i.HAL_GPIO_WritePin)
    HAL_GetTick                              0x08002ddd   Thumb Code     6  stm32f1xx_hal.o(i.HAL_GetTick)
    HAL_IncTick                              0x08002de9   Thumb Code    12  stm32f1xx_hal.o(i.HAL_IncTick)
    HAL_Init                                 0x08002df9   Thumb Code    32  stm32f1xx_hal.o(i.HAL_Init)
    HAL_InitTick                             0x08002e1d   Thumb Code    54  stm32f1xx_hal.o(i.HAL_InitTick)
    HAL_MspInit                              0x08002e5d   Thumb Code    52  stm32f1xx_hal_msp.o(i.HAL_MspInit)
    HAL_NVIC_EnableIRQ                       0x08002e99   Thumb Code    26  stm32f1xx_hal_cortex.o(i.HAL_NVIC_EnableIRQ)
    HAL_NVIC_SetPriority                     0x08002eb5   Thumb Code    60  stm32f1xx_hal_cortex.o(i.HAL_NVIC_SetPriority)
    HAL_NVIC_SetPriorityGrouping             0x08002ef5   Thumb Code    26  stm32f1xx_hal_cortex.o(i.HAL_NVIC_SetPriorityGrouping)
    HAL_RCC_ClockConfig                      0x08002f19   Thumb Code   280  stm32f1xx_hal_rcc.o(i.HAL_RCC_ClockConfig)
    HAL_RCC_GetPCLK1Freq                     0x08003045   Thumb Code    20  stm32f1xx_hal_rcc.o(i.HAL_RCC_GetPCLK1Freq)
    HAL_RCC_GetPCLK2Freq                     0x08003065   Thumb Code    20  stm32f1xx_hal_rcc.o(i.HAL_RCC_GetPCLK2Freq)
    HAL_RCC_GetSysClockFreq                  0x08003085   Thumb Code    80  stm32f1xx_hal_rcc.o(i.HAL_RCC_GetSysClockFreq)
    HAL_RCC_OscConfig                        0x080030f9   Thumb Code   778  stm32f1xx_hal_rcc.o(i.HAL_RCC_OscConfig)
    HAL_SPI_Init                             0x08003419   Thumb Code   178  stm32f1xx_hal_spi.o(i.HAL_SPI_Init)
    HAL_SPI_MspInit                          0x080034cd   Thumb Code    82  spi.o(i.HAL_SPI_MspInit)
    HAL_SPI_Transmit                         0x0800352d   Thumb Code   358  stm32f1xx_hal_spi.o(i.HAL_SPI_Transmit)
    HAL_SYSTICK_Config                       0x08003693   Thumb Code    40  stm32f1xx_hal_cortex.o(i.HAL_SYSTICK_Config)
    HAL_TIMEx_BreakCallback                  0x080036bb   Thumb Code     2  stm32f1xx_hal_tim_ex.o(i.HAL_TIMEx_BreakCallback)
    HAL_TIMEx_CommutCallback                 0x080036bd   Thumb Code     2  stm32f1xx_hal_tim_ex.o(i.HAL_TIMEx_CommutCallback)
    HAL_TIMEx_MasterConfigSynchronization    0x080036c1   Thumb Code    92  stm32f1xx_hal_tim_ex.o(i.HAL_TIMEx_MasterConfigSynchronization)
    HAL_TIM_Base_Init                        0x08003729   Thumb Code    90  stm32f1xx_hal_tim.o(i.HAL_TIM_Base_Init)
    HAL_TIM_Base_MspInit                     0x08003785   Thumb Code    50  tim.o(i.HAL_TIM_Base_MspInit)
    HAL_TIM_Base_Start_IT                    0x080037bd   Thumb Code    76  stm32f1xx_hal_tim.o(i.HAL_TIM_Base_Start_IT)
    HAL_TIM_ConfigClockSource                0x08003815   Thumb Code   214  stm32f1xx_hal_tim.o(i.HAL_TIM_ConfigClockSource)
    HAL_TIM_IC_CaptureCallback               0x080038eb   Thumb Code     2  stm32f1xx_hal_tim.o(i.HAL_TIM_IC_CaptureCallback)
    HAL_TIM_IRQHandler                       0x080038ed   Thumb Code   358  stm32f1xx_hal_tim.o(i.HAL_TIM_IRQHandler)
    HAL_TIM_OC_DelayElapsedCallback          0x08003a53   Thumb Code     2  stm32f1xx_hal_tim.o(i.HAL_TIM_OC_DelayElapsedCallback)
    HAL_TIM_PWM_PulseFinishedCallback        0x08003a55   Thumb Code     2  stm32f1xx_hal_tim.o(i.HAL_TIM_PWM_PulseFinishedCallback)
    HAL_TIM_PeriodElapsedCallback            0x08003a59   Thumb Code    88  main.o(i.HAL_TIM_PeriodElapsedCallback)
    HAL_TIM_TriggerCallback                  0x08003ac1   Thumb Code     2  stm32f1xx_hal_tim.o(i.HAL_TIM_TriggerCallback)
    HAL_UARTEx_RxEventCallback               0x08003ac3   Thumb Code     2  stm32f1xx_hal_uart.o(i.HAL_UARTEx_RxEventCallback)
    HAL_UART_ErrorCallback                   0x08003ac5   Thumb Code     2  stm32f1xx_hal_uart.o(i.HAL_UART_ErrorCallback)
    HAL_UART_IRQHandler                      0x08003ac9   Thumb Code   520  stm32f1xx_hal_uart.o(i.HAL_UART_IRQHandler)
    HAL_UART_Init                            0x08003cd5   Thumb Code    98  stm32f1xx_hal_uart.o(i.HAL_UART_Init)
    HAL_UART_MspInit                         0x08003d39   Thumb Code   118  usart.o(i.HAL_UART_MspInit)
    HAL_UART_Receive_IT                      0x08003dbd   Thumb Code    42  stm32f1xx_hal_uart.o(i.HAL_UART_Receive_IT)
    HAL_UART_RxCpltCallback                  0x08003de9   Thumb Code   110  main.o(i.HAL_UART_RxCpltCallback)
    HAL_UART_Transmit                        0x08003e6d   Thumb Code   178  stm32f1xx_hal_uart.o(i.HAL_UART_Transmit)
    HAL_UART_TxCpltCallback                  0x08003f1f   Thumb Code     2  stm32f1xx_hal_uart.o(i.HAL_UART_TxCpltCallback)
    HardFault_Handler                        0x08003f21   Thumb Code     2  stm32f1xx_it.o(i.HardFault_Handler)
    I2C_DS3231_ByteWrite                     0x08003f23   Thumb Code    62  ds3231_iic.o(i.I2C_DS3231_ByteWrite)
    I2C_DS3231_DataRead                      0x08003f61   Thumb Code    74  ds3231_iic.o(i.I2C_DS3231_DataRead)
    I2C_DS3231_Init                          0x08003fab   Thumb Code     4  ds3231_iic.o(i.I2C_DS3231_Init)
    I2C_DS3231_SetTime                       0x08003faf   Thumb Code   106  ds3231_iic.o(i.I2C_DS3231_SetTime)
    I2C_DS3231_getTime                       0x08004019   Thumb Code   112  ds3231_iic.o(i.I2C_DS3231_getTime)
    MX_GPIO_Init                             0x0800408d   Thumb Code   228  gpio.o(i.MX_GPIO_Init)
    MX_SPI2_Init                             0x08004181   Thumb Code    60  spi.o(i.MX_SPI2_Init)
    MX_TIM2_Init                             0x080041c5   Thumb Code    98  tim.o(i.MX_TIM2_Init)
    MX_USART3_UART_Init                      0x0800422d   Thumb Code    48  usart.o(i.MX_USART3_UART_Init)
    MemManage_Handler                        0x08004265   Thumb Code     2  stm32f1xx_it.o(i.MemManage_Handler)
    NMI_Handler                              0x08004267   Thumb Code     2  stm32f1xx_it.o(i.NMI_Handler)
    Nixie_Display_Set                        0x08004269   Thumb Code   306  k155id1.o(i.Nixie_Display_Set)
    Nixie_Num_Set                            0x080043b5   Thumb Code  1076  k155id1.o(i.Nixie_Num_Set)
    Nixie_Self_Chk                           0x080047e9   Thumb Code    30  k155id1.o(i.Nixie_Self_Chk)
    OLED_Clear                               0x08004807   Thumb Code    60  oled.o(i.OLED_Clear)
    OLED_Clock                               0x08004845   Thumb Code   114  oled.o(i.OLED_Clock)
    OLED_DrawBMP                             0x080048c1   Thumb Code    64  oled.o(i.OLED_DrawBMP)
    OLED_Init                                0x08004901   Thumb Code   274  oled.o(i.OLED_Init)
    OLED_Set_Pos                             0x08004a19   Thumb Code    44  oled.o(i.OLED_Set_Pos)
    OLED_ShowChar                            0x08004a45   Thumb Code    94  oled.o(i.OLED_ShowChar)
    OLED_ShowNum                             0x08004aa9   Thumb Code    98  oled.o(i.OLED_ShowNum)
    OLED_WR_Byte                             0x08004b0d   Thumb Code    70  oled.o(i.OLED_WR_Byte)
    PendSV_Handler                           0x08004b5d   Thumb Code     2  stm32f1xx_it.o(i.PendSV_Handler)
    SVC_Handler                              0x08004c39   Thumb Code     2  stm32f1xx_it.o(i.SVC_Handler)
    SysTick_Handler                          0x08004c3b   Thumb Code     4  stm32f1xx_it.o(i.SysTick_Handler)
    SystemClock_Config                       0x08004c3f   Thumb Code    92  main.o(i.SystemClock_Config)
    SystemInit                               0x08004c9b   Thumb Code     2  system_stm32f1xx.o(i.SystemInit)
    TIM2_IRQHandler                          0x08004c9d   Thumb Code     6  stm32f1xx_it.o(i.TIM2_IRQHandler)
    TIM_Base_SetConfig                       0x08004ca9   Thumb Code    94  stm32f1xx_hal_tim.o(i.TIM_Base_SetConfig)
    TIM_ETR_SetConfig                        0x08004d15   Thumb Code    20  stm32f1xx_hal_tim.o(i.TIM_ETR_SetConfig)
    UART_Start_Receive_IT                    0x08004f2d   Thumb Code    54  stm32f1xx_hal_uart.o(i.UART_Start_Receive_IT)
    USART3_IRQHandler                        0x08004fc9   Thumb Code     6  stm32f1xx_it.o(i.USART3_IRQHandler)
    UsageFault_Handler                       0x08004fd5   Thumb Code     2  stm32f1xx_it.o(i.UsageFault_Handler)
    WIFI_GetTime                             0x08004fd9   Thumb Code   114  wifi.o(i.WIFI_GetTime)
    WIFI_Init                                0x080050cd   Thumb Code    52  wifi.o(i.WIFI_Init)
    WIFI_SendCommand                         0x08005155   Thumb Code    38  wifi.o(i.WIFI_SendCommand)
    __ARM_common_switch8                     0x0800517b   Thumb Code    26  hashtable.o(i.__ARM_common_switch8)
    __ARM_fpclassify                         0x08005195   Thumb Code    40  fpclassify.o(i.__ARM_fpclassify)
    __ARM_isinf                              0x080051bd   Thumb Code    22  value.o(i.__ARM_isinf)
    __ARM_isnan                              0x080051d5   Thumb Code    20  value.o(i.__ARM_isnan)
    __mathlib_dbl_overflow                   0x0800520d   Thumb Code    14  dunder.o(i.__mathlib_dbl_overflow)
    __mathlib_dbl_underflow                  0x0800521d   Thumb Code    10  dunder.o(i.__mathlib_dbl_underflow)
    __mathlib_narrow                         0x0800522d   Thumb Code    16  narrow.o(i.__mathlib_narrow)
    __mathlib_tofloat                        0x0800523d   Thumb Code   184  narrow.o(i.__mathlib_tofloat)
    __support_ldexp                          0x080052f9   Thumb Code    22  ldexp.o(i.__support_ldexp)
    _is_digit                                0x0800530f   Thumb Code    14  __printf_wp.o(i._is_digit)
    frexp                                    0x08005459   Thumb Code    80  frexp.o(i.frexp)
    hashtable_close                          0x080055f5   Thumb Code    16  hashtable.o(i.hashtable_close)
    hashtable_get                            0x080056d9   Thumb Code    58  hashtable.o(i.hashtable_get)
    hashtable_init                           0x08005719   Thumb Code    72  hashtable.o(i.hashtable_init)
    hashtable_set                            0x08005761   Thumb Code   168  hashtable.o(i.hashtable_set)
    i2c_NAck                                 0x08005819   Thumb Code    50  ds3231_iic.o(i.i2c_NAck)
    i2c_ReadByte                             0x08005851   Thumb Code    66  ds3231_iic.o(i.i2c_ReadByte)
    i2c_SendByte                             0x08005899   Thumb Code    86  ds3231_iic.o(i.i2c_SendByte)
    i2c_Start                                0x080058f5   Thumb Code    60  ds3231_iic.o(i.i2c_Start)
    i2c_Stop                                 0x08005935   Thumb Code    42  ds3231_iic.o(i.i2c_Stop)
    i2c_WaitAck                              0x08005965   Thumb Code    66  ds3231_iic.o(i.i2c_WaitAck)
    json_array                               0x080059d7   Thumb Code    54  value.o(i.json_array)
    json_array_append_new                    0x08005a0d   Thumb Code    68  value.o(i.json_array_append_new)
    json_delete                              0x08005ae9   Thumb Code    84  value.o(i.json_delete)
    json_false                               0x08005b3d   Thumb Code     4  value.o(i.json_false)
    json_integer                             0x08005b55   Thumb Code    28  value.o(i.json_integer)
    json_loads                               0x08005b71   Thumb Code    82  load.o(i.json_loads)
    json_null                                0x08005be5   Thumb Code     4  value.o(i.json_null)
    json_object                              0x08005bed   Thumb Code    70  value.o(i.json_object)
    json_object_get                          0x08005c39   Thumb Code    28  value.o(i.json_object_get)
    json_object_seed                         0x08005c55   Thumb Code    34  hashtable_seed.o(i.json_object_seed)
    json_object_set_new_nocheck              0x08005c7d   Thumb Code    58  value.o(i.json_object_set_new_nocheck)
    json_real                                0x08005cbd   Thumb Code    52  value.o(i.json_real)
    json_string_value                        0x08005cf1   Thumb Code    18  value.o(i.json_string_value)
    json_true                                0x08005d05   Thumb Code     4  value.o(i.json_true)
    jsonp_error_init                         0x08005d0d   Thumb Code    34  error.o(i.jsonp_error_init)
    jsonp_error_set                          0x08005d2f   Thumb Code    16  error.o(i.jsonp_error_set)
    jsonp_error_set_source                   0x08005d41   Thumb Code    56  error.o(i.jsonp_error_set_source)
    jsonp_error_vset                         0x08005d7d   Thumb Code    44  error.o(i.jsonp_error_vset)
    jsonp_free                               0x08005da9   Thumb Code    12  memory.o(i.jsonp_free)
    jsonp_malloc                             0x08005db9   Thumb Code    12  memory.o(i.jsonp_malloc)
    jsonp_stringn_nocheck_own                0x08005dc9   Thumb Code    10  value.o(i.jsonp_stringn_nocheck_own)
    jsonp_strndup                            0x08005dd3   Thumb Code    36  memory.o(i.jsonp_strndup)
    jsonp_strtod                             0x08005df9   Thumb Code    90  strconv.o(i.jsonp_strtod)
    ldexp                                    0x08005e5d   Thumb Code   116  ldexp.o(i.ldexp)
    main                                     0x080064e1   Thumb Code   272  main.o(i.main)
    oled_pow                                 0x08006615   Thumb Code    16  oled.o(i.oled_pow)
    seed_from_timestamp_and_pid              0x08006a0d   Thumb Code     4  jansson_config.o(i.seed_from_timestamp_and_pid)
    strbuffer_append_byte                    0x08006a11   Thumb Code    12  strbuffer.o(i.strbuffer_append_byte)
    strbuffer_append_bytes                   0x08006a1d   Thumb Code   108  strbuffer.o(i.strbuffer_append_bytes)
    strbuffer_clear                          0x08006a8d   Thumb Code    10  strbuffer.o(i.strbuffer_clear)
    strbuffer_close                          0x08006a97   Thumb Code    24  strbuffer.o(i.strbuffer_close)
    strbuffer_init                           0x08006aaf   Thumb Code    34  strbuffer.o(i.strbuffer_init)
    strbuffer_pop                            0x08006ad1   Thumb Code    24  strbuffer.o(i.strbuffer_pop)
    strbuffer_value                          0x08006ae9   Thumb Code     4  strbuffer.o(i.strbuffer_value)
    strtod                                   0x08006c71   Thumb Code    28  strtod.o(i.strtod)
    utf8_check_first                         0x08006c8d   Thumb Code    60  utf.o(i.utf8_check_first)
    utf8_check_full                          0x08006cc9   Thumb Code   126  utf.o(i.utf8_check_full)
    utf8_encode                              0x08006d51   Thumb Code   120  utf.o(i.utf8_encode)
    _get_lc_numeric                          0x08006dcd   Thumb Code    44  lc_numeric_c.o(locale$$code)
    _get_lc_ctype                            0x08006df9   Thumb Code    44  lc_ctype_c.o(locale$$code)
    __aeabi_d2f                              0x08006e25   Thumb Code     0  d2f.o(x$fpl$d2f)
    _d2f                                     0x08006e25   Thumb Code    98  d2f.o(x$fpl$d2f)
    __fpl_dcheck_NaN1                        0x08006e89   Thumb Code    10  dcheck1.o(x$fpl$dcheck1)
    __fpl_dcmp_Inf                           0x08006e99   Thumb Code    24  dcmpi.o(x$fpl$dcmpinf)
    __aeabi_cdcmpeq                          0x08006eb1   Thumb Code     0  deqf.o(x$fpl$deqf)
    _dcmpeq                                  0x08006eb1   Thumb Code   120  deqf.o(x$fpl$deqf)
    __aeabi_cdcmple                          0x08006f29   Thumb Code     0  dleqf.o(x$fpl$dleqf)
    _dcmple                                  0x08006f29   Thumb Code   120  dleqf.o(x$fpl$dleqf)
    __fpl_dcmple_InfNaN                      0x08006f8b   Thumb Code     0  dleqf.o(x$fpl$dleqf)
    __fpl_dnaninf                            0x08006fa1   Thumb Code   156  dnaninf.o(x$fpl$dnaninf)
    __aeabi_cdrcmple                         0x0800703d   Thumb Code     0  drleqf.o(x$fpl$drleqf)
    _drcmple                                 0x0800703d   Thumb Code   108  drleqf.o(x$fpl$drleqf)
    __fpl_fretinf                            0x080070a9   Thumb Code    10  fretinf.o(x$fpl$fretinf)
    __ieee_status                            0x080070b3   Thumb Code     6  istatus.o(x$fpl$ieeestatus)
    _printf_fp_dec                           0x080070b9   Thumb Code     4  printf1.o(x$fpl$printf1)
    __fpl_return_NaN                         0x080070bd   Thumb Code   100  retnan.o(x$fpl$retnan)
    __ARM_scalbn                             0x08007121   Thumb Code    92  scalbn.o(x$fpl$scalbn)
    _scanf_real                              0x0800717d   Thumb Code     4  scanf1.o(x$fpl$scanf1)
    _scanf_hex_real                          0x08007181   Thumb Code     4  scanf2.o(x$fpl$scanf2)
    _scanf_infnan                            0x08007185   Thumb Code     4  scanf2.o(x$fpl$scanf2)
    __fpl_cmpreturn                          0x08007189   Thumb Code    48  trapv.o(x$fpl$trapveneer)
    __I$use$fp                               0x080071b8   Number         0  usenofp.o(x$fpl$usenofp)
    __aeabi_uidivmod                         0x080071b9   Thumb Code    12  aeabi_sdiv.o(x$udivmod)
    AHBPrescTable                            0x080071c4   Data          16  system_stm32f1xx.o(.constdata)
    APBPrescTable                            0x080071d4   Data           8  system_stm32f1xx.o(.constdata)
    F8X16                                    0x080071dc   Data        1520  oled.o(.constdata)
    Num_Set                                  0x080077cc   Data        1280  oled.o(.constdata)
    Region$$Table$$Base                      0x08007df4   Number         0  anon$$obj.o(Region$$Table)
    Region$$Table$$Limit                     0x08007e14   Number         0  anon$$obj.o(Region$$Table)
    __aeabi_HUGE_VAL                         0x08007e14   Data           0  fpconst.o(c$$dinf)
    __aeabi_HUGE_VALL                        0x08007e14   Data           0  fpconst.o(c$$dinf)
    __aeabi_INFINITY                         0x08007e14   Data           0  fpconst.o(c$$dinf)
    __dInf                                   0x08007e14   Data           0  fpconst.o(c$$dinf)
    __huge_val                               0x08007e14   Data           0  fpconst.o(c$$dinf)
    __dbl_max                                0x08007e1c   Data           0  fpconst.o(c$$dmax)
    __ctype                                  0x08007e4d   Data           0  lc_ctype_c.o(locale$$data)
    JSON_RCVD                                0x20000000   Data           1  main.o(.data)
    IT_Status                                0x20000001   Data           1  main.o(.data)
    ON_OFF_STA                               0x20000002   Data           1  main.o(.data)
    TUBE_CNT                                 0x20000003   Data           1  main.o(.data)
    RxChar                                   0x20000004   Data           1  main.o(.data)
    i                                        0x20000008   Data           4  main.o(.data)
    uwTickFreq                               0x2000000c   Data           1  stm32f1xx_hal.o(.data)
    uwTickPrio                               0x20000010   Data           4  stm32f1xx_hal.o(.data)
    uwTick                                   0x20000014   Data           4  stm32f1xx_hal.o(.data)
    SystemCoreClock                          0x20000018   Data           4  system_stm32f1xx.o(.data)
    Nixie_Two                                0x2000001c   Data          12  k155id1.o(.data)
    Nixie_Three                              0x20000028   Data          12  k155id1.o(.data)
    Nixie_Four                               0x20000034   Data          12  k155id1.o(.data)
    SysTime1                                 0x20000040   Data           4  wifi.o(.data)
    hashtable_seed                           0x20000064   Data           4  hashtable_seed.o(.data)
    RxBuf                                    0x20000068   Data         512  main.o(.bss)
    hspi2                                    0x20000268   Data          88  spi.o(.bss)
    htim2                                    0x200002c0   Data          72  tim.o(.bss)
    huart3                                   0x20000308   Data          68  usart.o(.bss)
    Nixie_One                                0x2000034c   Data          12  k155id1.o(.bss)
    calendar                                 0x20000358   Data          16  ds3231_iic.o(.bss)
    Timejson                                 0x20000368   Data          64  wifi.o(.bss)
    __libspace_start                         0x200003a8   Data          96  libspace.o(.bss)
    __temporary_stack_top$libspace           0x20000408   Data           0  libspace.o(.bss)



==============================================================================

Memory Map of the image

  Image Entry point : 0x080000ed

  Load Region LR_IROM1 (Base: 0x08000000, Size: 0x00007fb8, Max: 0x00010000, ABSOLUTE)

    Execution Region ER_IROM1 (Exec base: 0x08000000, Load base: 0x08000000, Size: 0x00007f50, Max: 0x00010000, ABSOLUTE)

    Exec Addr    Load Addr    Size         Type   Attr      Idx    E Section Name        Object

    0x08000000   0x08000000   0x000000ec   Data   RO            3    RESET               startup_stm32f103xb.o
    0x080000ec   0x080000ec   0x00000008   Code   RO         4776  * !!!main             c_w.l(__main.o)
    0x080000f4   0x080000f4   0x00000034   Code   RO         5280    !!!scatter          c_w.l(__scatter.o)
    0x08000128   0x08000128   0x0000001a   Code   RO         5282    !!handler_copy      c_w.l(__scatter_copy.o)
    0x08000142   0x08000142   0x00000002   PAD
    0x08000144   0x08000144   0x0000001c   Code   RO         5284    !!handler_zi        c_w.l(__scatter_zi.o)
    0x08000160   0x08000160   0x00000000   Code   RO         4679    .ARM.Collect$$_printf_percent$$00000000  c_w.l(_printf_percent.o)
    0x08000160   0x08000160   0x00000006   Code   RO         4883    .ARM.Collect$$_printf_percent$$00000001  c_w.l(_printf_n.o)
    0x08000166   0x08000166   0x00000006   Code   RO         4885    .ARM.Collect$$_printf_percent$$00000002  c_w.l(_printf_p.o)
    0x0800016c   0x0800016c   0x00000006   Code   RO         4890    .ARM.Collect$$_printf_percent$$00000003  c_w.l(_printf_f.o)
    0x08000172   0x08000172   0x00000006   Code   RO         4891    .ARM.Collect$$_printf_percent$$00000004  c_w.l(_printf_e.o)
    0x08000178   0x08000178   0x00000006   Code   RO         4678    .ARM.Collect$$_printf_percent$$00000005  c_w.l(_printf_g.o)
    0x0800017e   0x0800017e   0x00000006   Code   RO         4892    .ARM.Collect$$_printf_percent$$00000006  c_w.l(_printf_a.o)
    0x08000184   0x08000184   0x0000000a   Code   RO         4897    .ARM.Collect$$_printf_percent$$00000007  c_w.l(_printf_ll.o)
    0x0800018e   0x0800018e   0x00000006   Code   RO         4887    .ARM.Collect$$_printf_percent$$00000008  c_w.l(_printf_i.o)
    0x08000194   0x08000194   0x00000006   Code   RO         4888    .ARM.Collect$$_printf_percent$$00000009  c_w.l(_printf_d.o)
    0x0800019a   0x0800019a   0x00000006   Code   RO         4889    .ARM.Collect$$_printf_percent$$0000000A  c_w.l(_printf_u.o)
    0x080001a0   0x080001a0   0x00000006   Code   RO         4886    .ARM.Collect$$_printf_percent$$0000000B  c_w.l(_printf_o.o)
    0x080001a6   0x080001a6   0x00000006   Code   RO         4884    .ARM.Collect$$_printf_percent$$0000000C  c_w.l(_printf_x.o)
    0x080001ac   0x080001ac   0x00000006   Code   RO         4894    .ARM.Collect$$_printf_percent$$0000000D  c_w.l(_printf_lli.o)
    0x080001b2   0x080001b2   0x00000006   Code   RO         4895    .ARM.Collect$$_printf_percent$$0000000E  c_w.l(_printf_lld.o)
    0x080001b8   0x080001b8   0x00000006   Code   RO         4896    .ARM.Collect$$_printf_percent$$0000000F  c_w.l(_printf_llu.o)
    0x080001be   0x080001be   0x00000006   Code   RO         4901    .ARM.Collect$$_printf_percent$$00000010  c_w.l(_printf_llo.o)
    0x080001c4   0x080001c4   0x00000006   Code   RO         4902    .ARM.Collect$$_printf_percent$$00000011  c_w.l(_printf_llx.o)
    0x080001ca   0x080001ca   0x0000000a   Code   RO         4898    .ARM.Collect$$_printf_percent$$00000012  c_w.l(_printf_l.o)
    0x080001d4   0x080001d4   0x00000006   Code   RO         4882    .ARM.Collect$$_printf_percent$$00000013  c_w.l(_printf_c.o)
    0x080001da   0x080001da   0x00000006   Code   RO         4677    .ARM.Collect$$_printf_percent$$00000014  c_w.l(_printf_s.o)
    0x080001e0   0x080001e0   0x00000006   Code   RO         4899    .ARM.Collect$$_printf_percent$$00000015  c_w.l(_printf_lc.o)
    0x080001e6   0x080001e6   0x00000006   Code   RO         4900    .ARM.Collect$$_printf_percent$$00000016  c_w.l(_printf_ls.o)
    0x080001ec   0x080001ec   0x00000004   Code   RO         4893    .ARM.Collect$$_printf_percent$$00000017  c_w.l(_printf_percent_end.o)
    0x080001f0   0x080001f0   0x00000002   Code   RO         5160    .ARM.Collect$$libinit$$00000000  c_w.l(libinit.o)
    0x080001f2   0x080001f2   0x00000000   Code   RO         4925    .ARM.Collect$$libinit$$00000002  c_w.l(libinit2.o)
    0x080001f2   0x080001f2   0x00000000   Code   RO         4927    .ARM.Collect$$libinit$$00000004  c_w.l(libinit2.o)
    0x080001f2   0x080001f2   0x00000008   Code   RO         4928    .ARM.Collect$$libinit$$00000005  c_w.l(libinit2.o)
    0x080001fa   0x080001fa   0x00000000   Code   RO         4930    .ARM.Collect$$libinit$$0000000A  c_w.l(libinit2.o)
    0x080001fa   0x080001fa   0x00000000   Code   RO         4932    .ARM.Collect$$libinit$$0000000C  c_w.l(libinit2.o)
    0x080001fa   0x080001fa   0x00000000   Code   RO         4934    .ARM.Collect$$libinit$$0000000E  c_w.l(libinit2.o)
    0x080001fa   0x080001fa   0x00000006   Code   RO         4935    .ARM.Collect$$libinit$$0000000F  c_w.l(libinit2.o)
    0x08000200   0x08000200   0x00000000   Code   RO         4937    .ARM.Collect$$libinit$$00000011  c_w.l(libinit2.o)
    0x08000200   0x08000200   0x0000000c   Code   RO         4938    .ARM.Collect$$libinit$$00000012  c_w.l(libinit2.o)
    0x0800020c   0x0800020c   0x00000000   Code   RO         4939    .ARM.Collect$$libinit$$00000013  c_w.l(libinit2.o)
    0x0800020c   0x0800020c   0x00000000   Code   RO         4941    .ARM.Collect$$libinit$$00000015  c_w.l(libinit2.o)
    0x0800020c   0x0800020c   0x0000000a   Code   RO         4942    .ARM.Collect$$libinit$$00000016  c_w.l(libinit2.o)
    0x08000216   0x08000216   0x00000000   Code   RO         4943    .ARM.Collect$$libinit$$00000017  c_w.l(libinit2.o)
    0x08000216   0x08000216   0x00000000   Code   RO         4945    .ARM.Collect$$libinit$$00000019  c_w.l(libinit2.o)
    0x08000216   0x08000216   0x00000000   Code   RO         4947    .ARM.Collect$$libinit$$0000001B  c_w.l(libinit2.o)
    0x08000216   0x08000216   0x00000000   Code   RO         4949    .ARM.Collect$$libinit$$0000001D  c_w.l(libinit2.o)
    0x08000216   0x08000216   0x00000000   Code   RO         4951    .ARM.Collect$$libinit$$0000001F  c_w.l(libinit2.o)
    0x08000216   0x08000216   0x00000000   Code   RO         4953    .ARM.Collect$$libinit$$00000021  c_w.l(libinit2.o)
    0x08000216   0x08000216   0x00000000   Code   RO         4955    .ARM.Collect$$libinit$$00000023  c_w.l(libinit2.o)
    0x08000216   0x08000216   0x00000000   Code   RO         4957    .ARM.Collect$$libinit$$00000025  c_w.l(libinit2.o)
    0x08000216   0x08000216   0x00000000   Code   RO         4961    .ARM.Collect$$libinit$$0000002C  c_w.l(libinit2.o)
    0x08000216   0x08000216   0x00000000   Code   RO         4963    .ARM.Collect$$libinit$$0000002E  c_w.l(libinit2.o)
    0x08000216   0x08000216   0x00000000   Code   RO         4965    .ARM.Collect$$libinit$$00000030  c_w.l(libinit2.o)
    0x08000216   0x08000216   0x00000000   Code   RO         4967    .ARM.Collect$$libinit$$00000032  c_w.l(libinit2.o)
    0x08000216   0x08000216   0x00000002   Code   RO         4968    .ARM.Collect$$libinit$$00000033  c_w.l(libinit2.o)
    0x08000218   0x08000218   0x00000002   Code   RO         5224    .ARM.Collect$$libshutdown$$00000000  c_w.l(libshutdown.o)
    0x0800021a   0x0800021a   0x00000000   Code   RO         5097    .ARM.Collect$$libshutdown$$00000002  c_w.l(libshutdown2.o)
    0x0800021a   0x0800021a   0x00000000   Code   RO         5099    .ARM.Collect$$libshutdown$$00000004  c_w.l(libshutdown2.o)
    0x0800021a   0x0800021a   0x00000000   Code   RO         5101    .ARM.Collect$$libshutdown$$00000006  c_w.l(libshutdown2.o)
    0x0800021a   0x0800021a   0x00000000   Code   RO         5104    .ARM.Collect$$libshutdown$$00000009  c_w.l(libshutdown2.o)
    0x0800021a   0x0800021a   0x00000000   Code   RO         5107    .ARM.Collect$$libshutdown$$0000000C  c_w.l(libshutdown2.o)
    0x0800021a   0x0800021a   0x00000000   Code   RO         5109    .ARM.Collect$$libshutdown$$0000000E  c_w.l(libshutdown2.o)
    0x0800021a   0x0800021a   0x00000000   Code   RO         5112    .ARM.Collect$$libshutdown$$00000011  c_w.l(libshutdown2.o)
    0x0800021a   0x0800021a   0x00000002   Code   RO         5113    .ARM.Collect$$libshutdown$$00000012  c_w.l(libshutdown2.o)
    0x0800021c   0x0800021c   0x00000000   Code   RO         4802    .ARM.Collect$$rtentry$$00000000  c_w.l(__rtentry.o)
    0x0800021c   0x0800021c   0x00000000   Code   RO         4982    .ARM.Collect$$rtentry$$00000002  c_w.l(__rtentry2.o)
    0x0800021c   0x0800021c   0x00000006   Code   RO         4994    .ARM.Collect$$rtentry$$00000004  c_w.l(__rtentry4.o)
    0x08000222   0x08000222   0x00000000   Code   RO         4984    .ARM.Collect$$rtentry$$00000009  c_w.l(__rtentry2.o)
    0x08000222   0x08000222   0x00000004   Code   RO         4985    .ARM.Collect$$rtentry$$0000000A  c_w.l(__rtentry2.o)
    0x08000226   0x08000226   0x00000000   Code   RO         4987    .ARM.Collect$$rtentry$$0000000C  c_w.l(__rtentry2.o)
    0x08000226   0x08000226   0x00000008   Code   RO         4988    .ARM.Collect$$rtentry$$0000000D  c_w.l(__rtentry2.o)
    0x0800022e   0x0800022e   0x00000002   Code   RO         5163    .ARM.Collect$$rtexit$$00000000  c_w.l(rtexit.o)
    0x08000230   0x08000230   0x00000000   Code   RO         5190    .ARM.Collect$$rtexit$$00000002  c_w.l(rtexit2.o)
    0x08000230   0x08000230   0x00000004   Code   RO         5191    .ARM.Collect$$rtexit$$00000003  c_w.l(rtexit2.o)
    0x08000234   0x08000234   0x00000006   Code   RO         5192    .ARM.Collect$$rtexit$$00000004  c_w.l(rtexit2.o)
    0x0800023a   0x0800023a   0x00000002   PAD
    0x0800023c   0x0800023c   0x00000000   Code   RO         5009    .emb_text           c_w.l(maybetermalloc1.o)
    0x0800023c   0x0800023c   0x00000040   Code   RO            4    .text               startup_stm32f103xb.o
    0x0800027c   0x0800027c   0x00000008   Code   RO         4577    .text               c_w.l(rt_errno_addr_intlibspace.o)
    0x08000284   0x08000284   0x0000005e   Code   RO         4583    .text               c_w.l(h1_alloc.o)
    0x080002e2   0x080002e2   0x0000004e   Code   RO         4585    .text               c_w.l(h1_free.o)
    0x08000330   0x08000330   0x00000034   Code   RO         4643    .text               c_w.l(c89vsnprintf.o)
    0x08000364   0x08000364   0x0000002c   Code   RO         4645    .text               c_w.l(__2sprintf.o)
    0x08000390   0x08000390   0x00000038   Code   RO         4647    .text               c_w.l(__2snprintf.o)
    0x080003c8   0x080003c8   0x00000052   Code   RO         4655    .text               c_w.l(_printf_str.o)
    0x0800041a   0x0800041a   0x00000002   PAD
    0x0800041c   0x0800041c   0x00000188   Code   RO         4674    .text               c_w.l(__printf_flags_ss_wp.o)
    0x080005a4   0x080005a4   0x00000004   Code   RO         4680    .text               c_w.l(strtoll.o)
    0x080005a8   0x080005a8   0x00000016   Code   RO         4702    .text               c_w.l(abort.o)
    0x080005be   0x080005be   0x00000048   Code   RO         4710    .text               c_w.l(strcpy.o)
    0x08000606   0x08000606   0x0000003e   Code   RO         4712    .text               c_w.l(strlen.o)
    0x08000644   0x08000644   0x00000014   Code   RO         4714    .text               c_w.l(memchr.o)
    0x08000658   0x08000658   0x0000008a   Code   RO         4716    .text               c_w.l(rt_memcpy_v6.o)
    0x080006e2   0x080006e2   0x00000064   Code   RO         4720    .text               c_w.l(rt_memcpy_w.o)
    0x08000746   0x08000746   0x00000044   Code   RO         4724    .text               c_w.l(rt_memclr.o)
    0x0800078a   0x0800078a   0x0000004e   Code   RO         4726    .text               c_w.l(rt_memclr_w.o)
    0x080007d8   0x080007d8   0x00000080   Code   RO         4728    .text               c_w.l(strcmpv7m.o)
    0x08000858   0x08000858   0x00000006   Code   RO         4774    .text               c_w.l(heapauxi.o)
    0x0800085e   0x0800085e   0x00000002   PAD
    0x08000860   0x08000860   0x0000000c   Code   RO         4795    .text               c_w.l(sys_exit.o)
    0x0800086c   0x0800086c   0x00000008   Code   RO         4797    .text               c_w.l(libspace.o)
    0x08000874   0x08000874   0x00000008   Code   RO         4810    .text               c_w.l(rt_heap_descriptor_intlibspace.o)
    0x0800087c   0x0800087c   0x00000004   Code   RO         4812    .text               c_w.l(hguard.o)
    0x08000880   0x08000880   0x0000008a   Code   RO         4814    .text               c_w.l(init_alloc.o)
    0x0800090a   0x0800090a   0x0000000e   Code   RO         4818    .text               c_w.l(h1_init.o)
    0x08000918   0x08000918   0x0000004e   Code   RO         4832    .text               c_w.l(_printf_pad.o)
    0x08000966   0x08000966   0x00000024   Code   RO         4834    .text               c_w.l(_printf_truncate.o)
    0x0800098a   0x0800098a   0x00000002   PAD
    0x0800098c   0x0800098c   0x00000078   Code   RO         4836    .text               c_w.l(_printf_dec.o)
    0x08000a04   0x08000a04   0x00000028   Code   RO         4838    .text               c_w.l(_printf_charcount.o)
    0x08000a2c   0x08000a2c   0x0000041e   Code   RO         4840    .text               c_w.l(_printf_fp_dec.o)
    0x08000e4a   0x08000e4a   0x00000002   PAD
    0x08000e4c   0x08000e4c   0x00000030   Code   RO         4842    .text               c_w.l(_printf_char_common.o)
    0x08000e7c   0x08000e7c   0x0000000a   Code   RO         4844    .text               c_w.l(_sputc.o)
    0x08000e86   0x08000e86   0x00000010   Code   RO         4846    .text               c_w.l(_snputc.o)
    0x08000e96   0x08000e96   0x0000002c   Code   RO         4848    .text               c_w.l(_printf_char.o)
    0x08000ec2   0x08000ec2   0x00000002   PAD
    0x08000ec4   0x08000ec4   0x000000bc   Code   RO         4850    .text               c_w.l(_printf_wctomb.o)
    0x08000f80   0x08000f80   0x0000007c   Code   RO         4853    .text               c_w.l(_printf_longlong_dec.o)
    0x08000ffc   0x08000ffc   0x00000070   Code   RO         4859    .text               c_w.l(_printf_oct_int_ll.o)
    0x0800106c   0x0800106c   0x00000094   Code   RO         4879    .text               c_w.l(_printf_hex_int_ll_ptr.o)
    0x08001100   0x08001100   0x000000a4   Code   RO         4903    .text               c_w.l(strtod.o)
    0x080011a4   0x080011a4   0x00000090   Code   RO         4905    .text               c_w.l(__strtoll.o)
    0x08001234   0x08001234   0x0000000e   Code   RO         4918    .text               c_w.l(defsig_abrt_outer.o)
    0x08001242   0x08001242   0x00000002   Code   RO         4978    .text               c_w.l(use_no_semi.o)
    0x08001244   0x08001244   0x00000000   Code   RO         4980    .text               c_w.l(indicate_semi.o)
    0x08001244   0x08001244   0x00000010   Code   RO         4996    .text               c_w.l(rt_ctype_table.o)
    0x08001254   0x08001254   0x00000008   Code   RO         5005    .text               c_w.l(rt_locale_intlibspace.o)
    0x0800125c   0x0800125c   0x00000034   Code   RO         5011    .text               c_w.l(h1_extend.o)
    0x08001290   0x08001290   0x0000008a   Code   RO         5015    .text               c_w.l(lludiv10.o)
    0x0800131a   0x0800131a   0x00000012   Code   RO         5017    .text               c_w.l(isspace.o)
    0x0800132c   0x0800132c   0x000000b2   Code   RO         5019    .text               c_w.l(_printf_intcommon.o)
    0x080013de   0x080013de   0x00000002   PAD
    0x080013e0   0x080013e0   0x00000080   Code   RO         5021    .text               c_w.l(_printf_fp_infnan.o)
    0x08001460   0x08001460   0x0000002c   Code   RO         5025    .text               c_w.l(_printf_wchar.o)
    0x0800148c   0x0800148c   0x00000040   Code   RO         5027    .text               c_w.l(_sgetc.o)
    0x080014cc   0x080014cc   0x000000c2   Code   RO         5029    .text               c_w.l(_strtoull.o)
    0x0800158e   0x0800158e   0x00000002   PAD
    0x08001590   0x08001590   0x000000e4   Code   RO         5031    .text               c_w.l(bigflt0.o)
    0x08001674   0x08001674   0x00000040   Code   RO         5074    .text               c_w.l(_wcrtomb.o)
    0x080016b4   0x080016b4   0x0000000a   Code   RO         5079    .text               c_w.l(defsig_exit.o)
    0x080016be   0x080016be   0x00000002   PAD
    0x080016c0   0x080016c0   0x00000030   Code   RO         5081    .text               c_w.l(defsig_abrt_inner.o)
    0x080016f0   0x080016f0   0x0000000e   Code   RO         5087    .text               c_w.l(defsig_rtmem_outer.o)
    0x080016fe   0x080016fe   0x0000004a   Code   RO         5122    .text               c_w.l(sys_stackheap_outer.o)
    0x08001748   0x08001748   0x0000001c   Code   RO         5126    .text               c_w.l(_chval.o)
    0x08001764   0x08001764   0x000004f8   Code   RO         5128    .text               c_w.l(scanf_fp.o)
    0x08001c5c   0x08001c5c   0x00000012   Code   RO         5137    .text               c_w.l(exit.o)
    0x08001c6e   0x08001c6e   0x00000032   Code   RO         5141    .text               c_w.l(defsig_general.o)
    0x08001ca0   0x08001ca0   0x00000050   Code   RO         5149    .text               c_w.l(defsig_rtmem_inner.o)
    0x08001cf0   0x08001cf0   0x0000000e   Code   RO         5161    .text               c_w.l(sys_wrch.o)
    0x08001cfe   0x08001cfe   0x00000016   Code   RO         5196    .text               c_w.l(_rserrno.o)
    0x08001d14   0x08001d14   0x00000320   Code   RO         5198    .text               c_w.l(scanf_hexfp.o)
    0x08002034   0x08002034   0x00000134   Code   RO         5200    .text               c_w.l(scanf_infnan.o)
    0x08002168   0x08002168   0x00000026   Code   RO         5220    .text               c_w.l(llshl.o)
    0x0800218e   0x0800218e   0x0000003e   Code   RO         5034    CL$$btod_d2e        c_w.l(btod.o)
    0x080021cc   0x080021cc   0x00000046   Code   RO         5036    CL$$btod_d2e_denorm_low  c_w.l(btod.o)
    0x08002212   0x08002212   0x00000060   Code   RO         5035    CL$$btod_d2e_norm_op1  c_w.l(btod.o)
    0x08002272   0x08002272   0x00000338   Code   RO         5044    CL$$btod_div_common  c_w.l(btod.o)
    0x080025aa   0x080025aa   0x00000002   PAD
    0x080025ac   0x080025ac   0x00000084   Code   RO         5042    CL$$btod_e2d        c_w.l(btod.o)
    0x08002630   0x08002630   0x000000dc   Code   RO         5041    CL$$btod_e2e        c_w.l(btod.o)
    0x0800270c   0x0800270c   0x0000002a   Code   RO         5038    CL$$btod_ediv       c_w.l(btod.o)
    0x08002736   0x08002736   0x0000002a   Code   RO         5040    CL$$btod_edivd      c_w.l(btod.o)
    0x08002760   0x08002760   0x0000002a   Code   RO         5037    CL$$btod_emul       c_w.l(btod.o)
    0x0800278a   0x0800278a   0x0000002a   Code   RO         5039    CL$$btod_emuld      c_w.l(btod.o)
    0x080027b4   0x080027b4   0x00000244   Code   RO         5043    CL$$btod_mult_common  c_w.l(btod.o)
    0x080029f8   0x080029f8   0x00000012   Code   RO         3343    i.BCD_DEC           ds3231_iic.o
    0x08002a0a   0x08002a0a   0x00000002   Code   RO          365    i.BusFault_Handler  stm32f1xx_it.o
    0x08002a0c   0x08002a0c   0x00000032   Code   RO           13    i.CharToInt         main.o
    0x08002a3e   0x08002a3e   0x00000016   Code   RO         3345    i.DEC_BCD           ds3231_iic.o
    0x08002a54   0x08002a54   0x00000002   Code   RO          366    i.DebugMon_Handler  stm32f1xx_it.o
    0x08002a56   0x08002a56   0x00000010   Code   RO         3478    i.Delay             wifi.o
    0x08002a66   0x08002a66   0x00000016   Code   RO          367    i.EXTI15_10_IRQHandler  stm32f1xx_it.o
    0x08002a7c   0x08002a7c   0x00000006   Code   RO          368    i.EXTI9_5_IRQHandler  stm32f1xx_it.o
    0x08002a82   0x08002a82   0x00000002   Code   RO           14    i.Error_Handler     main.o
    0x08002a84   0x08002a84   0x00000046   Code   RO         1226    i.HAL_DMA_Abort     stm32f1xx_hal_dma.o
    0x08002aca   0x08002aca   0x00000002   PAD
    0x08002acc   0x08002acc   0x00000098   Code   RO         1227    i.HAL_DMA_Abort_IT  stm32f1xx_hal_dma.o
    0x08002b64   0x08002b64   0x00000024   Code   RO          854    i.HAL_Delay         stm32f1xx_hal.o
    0x08002b88   0x08002b88   0x00000038   Code   RO           15    i.HAL_GPIO_EXTI_Callback  main.o
    0x08002bc0   0x08002bc0   0x00000018   Code   RO         1161    i.HAL_GPIO_EXTI_IRQHandler  stm32f1xx_hal_gpio.o
    0x08002bd8   0x08002bd8   0x000001e0   Code   RO         1162    i.HAL_GPIO_Init     stm32f1xx_hal_gpio.o
    0x08002db8   0x08002db8   0x0000000a   Code   RO         1164    i.HAL_GPIO_ReadPin  stm32f1xx_hal_gpio.o
    0x08002dc2   0x08002dc2   0x00000010   Code   RO         1165    i.HAL_GPIO_TogglePin  stm32f1xx_hal_gpio.o
    0x08002dd2   0x08002dd2   0x0000000a   Code   RO         1166    i.HAL_GPIO_WritePin  stm32f1xx_hal_gpio.o
    0x08002ddc   0x08002ddc   0x0000000c   Code   RO          858    i.HAL_GetTick       stm32f1xx_hal.o
    0x08002de8   0x08002de8   0x00000010   Code   RO          864    i.HAL_IncTick       stm32f1xx_hal.o
    0x08002df8   0x08002df8   0x00000024   Code   RO          865    i.HAL_Init          stm32f1xx_hal.o
    0x08002e1c   0x08002e1c   0x00000040   Code   RO          866    i.HAL_InitTick      stm32f1xx_hal.o
    0x08002e5c   0x08002e5c   0x0000003c   Code   RO          465    i.HAL_MspInit       stm32f1xx_hal_msp.o
    0x08002e98   0x08002e98   0x0000001a   Code   RO         1322    i.HAL_NVIC_EnableIRQ  stm32f1xx_hal_cortex.o
    0x08002eb2   0x08002eb2   0x00000002   PAD
    0x08002eb4   0x08002eb4   0x00000040   Code   RO         1328    i.HAL_NVIC_SetPriority  stm32f1xx_hal_cortex.o
    0x08002ef4   0x08002ef4   0x00000024   Code   RO         1329    i.HAL_NVIC_SetPriorityGrouping  stm32f1xx_hal_cortex.o
    0x08002f18   0x08002f18   0x0000012c   Code   RO         1022    i.HAL_RCC_ClockConfig  stm32f1xx_hal_rcc.o
    0x08003044   0x08003044   0x00000020   Code   RO         1029    i.HAL_RCC_GetPCLK1Freq  stm32f1xx_hal_rcc.o
    0x08003064   0x08003064   0x00000020   Code   RO         1030    i.HAL_RCC_GetPCLK2Freq  stm32f1xx_hal_rcc.o
    0x08003084   0x08003084   0x00000074   Code   RO         1031    i.HAL_RCC_GetSysClockFreq  stm32f1xx_hal_rcc.o
    0x080030f8   0x080030f8   0x00000320   Code   RO         1034    i.HAL_RCC_OscConfig  stm32f1xx_hal_rcc.o
    0x08003418   0x08003418   0x000000b2   Code   RO          536    i.HAL_SPI_Init      stm32f1xx_hal_spi.o
    0x080034ca   0x080034ca   0x00000002   PAD
    0x080034cc   0x080034cc   0x00000060   Code   RO          240    i.HAL_SPI_MspInit   spi.o
    0x0800352c   0x0800352c   0x00000166   Code   RO          544    i.HAL_SPI_Transmit  stm32f1xx_hal_spi.o
    0x08003692   0x08003692   0x00000028   Code   RO         1333    i.HAL_SYSTICK_Config  stm32f1xx_hal_cortex.o
    0x080036ba   0x080036ba   0x00000002   Code   RO         2528    i.HAL_TIMEx_BreakCallback  stm32f1xx_hal_tim_ex.o
    0x080036bc   0x080036bc   0x00000002   Code   RO         2529    i.HAL_TIMEx_CommutCallback  stm32f1xx_hal_tim_ex.o
    0x080036be   0x080036be   0x00000002   PAD
    0x080036c0   0x080036c0   0x00000068   Code   RO         2547    i.HAL_TIMEx_MasterConfigSynchronization  stm32f1xx_hal_tim_ex.o
    0x08003728   0x08003728   0x0000005a   Code   RO         1824    i.HAL_TIM_Base_Init  stm32f1xx_hal_tim.o
    0x08003782   0x08003782   0x00000002   PAD
    0x08003784   0x08003784   0x00000038   Code   RO          282    i.HAL_TIM_Base_MspInit  tim.o
    0x080037bc   0x080037bc   0x00000058   Code   RO         1829    i.HAL_TIM_Base_Start_IT  stm32f1xx_hal_tim.o
    0x08003814   0x08003814   0x000000d6   Code   RO         1833    i.HAL_TIM_ConfigClockSource  stm32f1xx_hal_tim.o
    0x080038ea   0x080038ea   0x00000002   Code   RO         1858    i.HAL_TIM_IC_CaptureCallback  stm32f1xx_hal_tim.o
    0x080038ec   0x080038ec   0x00000166   Code   RO         1872    i.HAL_TIM_IRQHandler  stm32f1xx_hal_tim.o
    0x08003a52   0x08003a52   0x00000002   Code   RO         1875    i.HAL_TIM_OC_DelayElapsedCallback  stm32f1xx_hal_tim.o
    0x08003a54   0x08003a54   0x00000002   Code   RO         1902    i.HAL_TIM_PWM_PulseFinishedCallback  stm32f1xx_hal_tim.o
    0x08003a56   0x08003a56   0x00000002   PAD
    0x08003a58   0x08003a58   0x00000068   Code   RO           16    i.HAL_TIM_PeriodElapsedCallback  main.o
    0x08003ac0   0x08003ac0   0x00000002   Code   RO         1915    i.HAL_TIM_TriggerCallback  stm32f1xx_hal_tim.o
    0x08003ac2   0x08003ac2   0x00000002   Code   RO         2806    i.HAL_UARTEx_RxEventCallback  stm32f1xx_hal_uart.o
    0x08003ac4   0x08003ac4   0x00000002   Code   RO         2820    i.HAL_UART_ErrorCallback  stm32f1xx_hal_uart.o
    0x08003ac6   0x08003ac6   0x00000002   PAD
    0x08003ac8   0x08003ac8   0x0000020c   Code   RO         2823    i.HAL_UART_IRQHandler  stm32f1xx_hal_uart.o
    0x08003cd4   0x08003cd4   0x00000062   Code   RO         2824    i.HAL_UART_Init     stm32f1xx_hal_uart.o
    0x08003d36   0x08003d36   0x00000002   PAD
    0x08003d38   0x08003d38   0x00000084   Code   RO          324    i.HAL_UART_MspInit  usart.o
    0x08003dbc   0x08003dbc   0x0000002a   Code   RO         2829    i.HAL_UART_Receive_IT  stm32f1xx_hal_uart.o
    0x08003de6   0x08003de6   0x00000002   PAD
    0x08003de8   0x08003de8   0x00000084   Code   RO           17    i.HAL_UART_RxCpltCallback  main.o
    0x08003e6c   0x08003e6c   0x000000b2   Code   RO         2832    i.HAL_UART_Transmit  stm32f1xx_hal_uart.o
    0x08003f1e   0x08003f1e   0x00000002   Code   RO         2835    i.HAL_UART_TxCpltCallback  stm32f1xx_hal_uart.o
    0x08003f20   0x08003f20   0x00000002   Code   RO          369    i.HardFault_Handler  stm32f1xx_it.o
    0x08003f22   0x08003f22   0x0000003e   Code   RO         3347    i.I2C_DS3231_ByteWrite  ds3231_iic.o
    0x08003f60   0x08003f60   0x0000004a   Code   RO         3348    i.I2C_DS3231_DataRead  ds3231_iic.o
    0x08003faa   0x08003faa   0x00000004   Code   RO         3349    i.I2C_DS3231_Init   ds3231_iic.o
    0x08003fae   0x08003fae   0x0000006a   Code   RO         3350    i.I2C_DS3231_SetTime  ds3231_iic.o
    0x08004018   0x08004018   0x00000074   Code   RO         3352    i.I2C_DS3231_getTime  ds3231_iic.o
    0x0800408c   0x0800408c   0x000000f4   Code   RO          215    i.MX_GPIO_Init      gpio.o
    0x08004180   0x08004180   0x00000044   Code   RO          241    i.MX_SPI2_Init      spi.o
    0x080041c4   0x080041c4   0x00000068   Code   RO          283    i.MX_TIM2_Init      tim.o
    0x0800422c   0x0800422c   0x00000038   Code   RO          325    i.MX_USART3_UART_Init  usart.o
    0x08004264   0x08004264   0x00000002   Code   RO          370    i.MemManage_Handler  stm32f1xx_it.o
    0x08004266   0x08004266   0x00000002   Code   RO          371    i.NMI_Handler       stm32f1xx_it.o
    0x08004268   0x08004268   0x0000014c   Code   RO         3303    i.Nixie_Display_Set  k155id1.o
    0x080043b4   0x080043b4   0x00000434   Code   RO         3304    i.Nixie_Num_Set     k155id1.o
    0x080047e8   0x080047e8   0x0000001e   Code   RO         3305    i.Nixie_Self_Chk    k155id1.o
    0x08004806   0x08004806   0x0000003c   Code   RO         3190    i.OLED_Clear        oled.o
    0x08004842   0x08004842   0x00000002   PAD
    0x08004844   0x08004844   0x0000007c   Code   RO         3192    i.OLED_Clock        oled.o
    0x080048c0   0x080048c0   0x00000040   Code   RO         3195    i.OLED_DrawBMP      oled.o
    0x08004900   0x08004900   0x00000118   Code   RO         3196    i.OLED_Init         oled.o
    0x08004a18   0x08004a18   0x0000002c   Code   RO         3197    i.OLED_Set_Pos      oled.o
    0x08004a44   0x08004a44   0x00000064   Code   RO         3199    i.OLED_ShowChar     oled.o
    0x08004aa8   0x08004aa8   0x00000062   Code   RO         3200    i.OLED_ShowNum      oled.o
    0x08004b0a   0x08004b0a   0x00000002   PAD
    0x08004b0c   0x08004b0c   0x00000050   Code   RO         3202    i.OLED_WR_Byte      oled.o
    0x08004b5c   0x08004b5c   0x00000002   Code   RO          372    i.PendSV_Handler    stm32f1xx_it.o
    0x08004b5e   0x08004b5e   0x00000020   Code   RO          574    i.SPI_EndRxTxTransaction  stm32f1xx_hal_spi.o
    0x08004b7e   0x08004b7e   0x00000002   PAD
    0x08004b80   0x08004b80   0x000000b8   Code   RO          579    i.SPI_WaitFlagStateUntilTimeout  stm32f1xx_hal_spi.o
    0x08004c38   0x08004c38   0x00000002   Code   RO          373    i.SVC_Handler       stm32f1xx_it.o
    0x08004c3a   0x08004c3a   0x00000004   Code   RO          374    i.SysTick_Handler   stm32f1xx_it.o
    0x08004c3e   0x08004c3e   0x0000005c   Code   RO           18    i.SystemClock_Config  main.o
    0x08004c9a   0x08004c9a   0x00000002   Code   RO         3153    i.SystemInit        system_stm32f1xx.o
    0x08004c9c   0x08004c9c   0x0000000c   Code   RO          375    i.TIM2_IRQHandler   stm32f1xx_it.o
    0x08004ca8   0x08004ca8   0x0000006c   Code   RO         1917    i.TIM_Base_SetConfig  stm32f1xx_hal_tim.o
    0x08004d14   0x08004d14   0x00000014   Code   RO         1928    i.TIM_ETR_SetConfig  stm32f1xx_hal_tim.o
    0x08004d28   0x08004d28   0x00000010   Code   RO         1929    i.TIM_ITRx_SetConfig  stm32f1xx_hal_tim.o
    0x08004d38   0x08004d38   0x00000022   Code   RO         1935    i.TIM_TI1_ConfigInputStage  stm32f1xx_hal_tim.o
    0x08004d5a   0x08004d5a   0x00000024   Code   RO         1937    i.TIM_TI2_ConfigInputStage  stm32f1xx_hal_tim.o
    0x08004d7e   0x08004d7e   0x00000010   Code   RO         2837    i.UART_DMAAbortOnError  stm32f1xx_hal_uart.o
    0x08004d8e   0x08004d8e   0x00000030   Code   RO         2847    i.UART_EndRxTransfer  stm32f1xx_hal_uart.o
    0x08004dbe   0x08004dbe   0x000000b6   Code   RO         2849    i.UART_Receive_IT   stm32f1xx_hal_uart.o
    0x08004e74   0x08004e74   0x000000b8   Code   RO         2850    i.UART_SetConfig    stm32f1xx_hal_uart.o
    0x08004f2c   0x08004f2c   0x00000036   Code   RO         2852    i.UART_Start_Receive_IT  stm32f1xx_hal_uart.o
    0x08004f62   0x08004f62   0x00000064   Code   RO         2853    i.UART_WaitOnFlagUntilTimeout  stm32f1xx_hal_uart.o
    0x08004fc6   0x08004fc6   0x00000002   PAD
    0x08004fc8   0x08004fc8   0x0000000c   Code   RO          376    i.USART3_IRQHandler  stm32f1xx_it.o
    0x08004fd4   0x08004fd4   0x00000002   Code   RO          377    i.UsageFault_Handler  stm32f1xx_it.o
    0x08004fd6   0x08004fd6   0x00000002   PAD
    0x08004fd8   0x08004fd8   0x000000f4   Code   RO         3480    i.WIFI_GetTime      wifi.o
    0x080050cc   0x080050cc   0x00000088   Code   RO         3482    i.WIFI_Init         wifi.o
    0x08005154   0x08005154   0x00000026   Code   RO         3484    i.WIFI_SendCommand  wifi.o
    0x0800517a   0x0800517a   0x0000001a   Code   RO         4341    i.__ARM_common_switch8  jansson_CM3LE.lib(hashtable.o)
    0x08005194   0x08005194   0x00000028   Code   RO         5120    i.__ARM_fpclassify  m_ws.l(fpclassify.o)
    0x080051bc   0x080051bc   0x00000016   Code   RO         4112    i.__ARM_isinf       jansson_CM3LE.lib(value.o)
    0x080051d2   0x080051d2   0x00000002   PAD
    0x080051d4   0x080051d4   0x00000018   Code   RO         4117    i.__ARM_isnan       jansson_CM3LE.lib(value.o)
    0x080051ec   0x080051ec   0x00000020   Code   RO         1335    i.__NVIC_SetPriority  stm32f1xx_hal_cortex.o
    0x0800520c   0x0800520c   0x0000000e   Code   RO         5249    i.__mathlib_dbl_overflow  m_ws.l(dunder.o)
    0x0800521a   0x0800521a   0x00000002   PAD
    0x0800521c   0x0800521c   0x00000010   Code   RO         5251    i.__mathlib_dbl_underflow  m_ws.l(dunder.o)
    0x0800522c   0x0800522c   0x00000010   Code   RO         5183    i.__mathlib_narrow  m_ws.l(narrow.o)
    0x0800523c   0x0800523c   0x000000bc   Code   RO         5184    i.__mathlib_tofloat  m_ws.l(narrow.o)
    0x080052f8   0x080052f8   0x00000016   Code   RO         5232    i.__support_ldexp   m_ws.l(ldexp.o)
    0x0800530e   0x0800530e   0x0000000e   Code   RO         4667    i._is_digit         c_w.l(__printf_wp.o)
    0x0800531c   0x0800531c   0x00000018   Code   RO         3766    i.array_copy        jansson_CM3LE.lib(value.o)
    0x08005334   0x08005334   0x00000016   Code   RO         4216    i.bucket_is_empty   jansson_CM3LE.lib(hashtable.o)
    0x0800534a   0x0800534a   0x0000004c   Code   RO         3571    i.decode_unicode_escape  jansson_CM3LE.lib(load.o)
    0x08005396   0x08005396   0x00000002   PAD
    0x08005398   0x08005398   0x000000c0   Code   RO         3572    i.error_set         jansson_CM3LE.lib(load.o)
    0x08005458   0x08005458   0x00000058   Code   RO         5217    i.frexp             m_ws.l(frexp.o)
    0x080054b0   0x080054b0   0x00000144   Code   RO         4217    i.hashlittle        jansson_CM3LE.lib(hashtable.o)
    0x080055f4   0x080055f4   0x00000010   Code   RO         4219    i.hashtable_close   jansson_CM3LE.lib(hashtable.o)
    0x08005604   0x08005604   0x00000022   Code   RO         4221    i.hashtable_do_clear  jansson_CM3LE.lib(hashtable.o)
    0x08005626   0x08005626   0x00000076   Code   RO         4223    i.hashtable_do_rehash  jansson_CM3LE.lib(hashtable.o)
    0x0800569c   0x0800569c   0x0000003c   Code   RO         4224    i.hashtable_find_pair  jansson_CM3LE.lib(hashtable.o)
    0x080056d8   0x080056d8   0x00000040   Code   RO         4225    i.hashtable_get     jansson_CM3LE.lib(hashtable.o)
    0x08005718   0x08005718   0x00000048   Code   RO         4226    i.hashtable_init    jansson_CM3LE.lib(hashtable.o)
    0x08005760   0x08005760   0x000000ac   Code   RO         4234    i.hashtable_set     jansson_CM3LE.lib(hashtable.o)
    0x0800580c   0x0800580c   0x0000000c   Code   RO         3355    i.i2c_Delay         ds3231_iic.o
    0x08005818   0x08005818   0x00000038   Code   RO         3356    i.i2c_NAck          ds3231_iic.o
    0x08005850   0x08005850   0x00000048   Code   RO         3357    i.i2c_ReadByte      ds3231_iic.o
    0x08005898   0x08005898   0x0000005c   Code   RO         3358    i.i2c_SendByte      ds3231_iic.o
    0x080058f4   0x080058f4   0x00000040   Code   RO         3359    i.i2c_Start         ds3231_iic.o
    0x08005934   0x08005934   0x00000030   Code   RO         3360    i.i2c_Stop          ds3231_iic.o
    0x08005964   0x08005964   0x00000048   Code   RO         3361    i.i2c_WaitAck       ds3231_iic.o
    0x080059ac   0x080059ac   0x0000002a   Code   RO         4235    i.insert_to_bucket  jansson_CM3LE.lib(hashtable.o)
    0x080059d6   0x080059d6   0x00000036   Code   RO         3768    i.json_array        jansson_CM3LE.lib(value.o)
    0x08005a0c   0x08005a0c   0x00000048   Code   RO         3769    i.json_array_append_new  jansson_CM3LE.lib(value.o)
    0x08005a54   0x08005a54   0x0000004c   Code   RO         3773    i.json_array_grow   jansson_CM3LE.lib(value.o)
    0x08005aa0   0x08005aa0   0x00000018   Code   RO         3573    i.json_decref       jansson_CM3LE.lib(load.o)
    0x08005ab8   0x08005ab8   0x00000018   Code   RO         3779    i.json_decref       jansson_CM3LE.lib(value.o)
    0x08005ad0   0x08005ad0   0x00000018   Code   RO         4236    i.json_decref       jansson_CM3LE.lib(hashtable.o)
    0x08005ae8   0x08005ae8   0x00000054   Code   RO         3781    i.json_delete       jansson_CM3LE.lib(value.o)
    0x08005b3c   0x08005b3c   0x00000008   Code   RO         3783    i.json_false        jansson_CM3LE.lib(value.o)
    0x08005b44   0x08005b44   0x00000010   Code   RO         3574    i.json_incref       jansson_CM3LE.lib(load.o)
    0x08005b54   0x08005b54   0x0000001c   Code   RO         3785    i.json_integer      jansson_CM3LE.lib(value.o)
    0x08005b70   0x08005b70   0x00000074   Code   RO         3579    i.json_loads        jansson_CM3LE.lib(load.o)
    0x08005be4   0x08005be4   0x00000008   Code   RO         3788    i.json_null         jansson_CM3LE.lib(value.o)
    0x08005bec   0x08005bec   0x0000004c   Code   RO         3790    i.json_object       jansson_CM3LE.lib(value.o)
    0x08005c38   0x08005c38   0x0000001c   Code   RO         3795    i.json_object_get   jansson_CM3LE.lib(value.o)
    0x08005c54   0x08005c54   0x00000028   Code   RO         4554    i.json_object_seed  jansson_CM3LE.lib(hashtable_seed.o)
    0x08005c7c   0x08005c7c   0x00000040   Code   RO         3804    i.json_object_set_new_nocheck  jansson_CM3LE.lib(value.o)
    0x08005cbc   0x08005cbc   0x00000034   Code   RO         3810    i.json_real         jansson_CM3LE.lib(value.o)
    0x08005cf0   0x08005cf0   0x00000012   Code   RO         3821    i.json_string_value  jansson_CM3LE.lib(value.o)
    0x08005d02   0x08005d02   0x00000002   PAD
    0x08005d04   0x08005d04   0x00000008   Code   RO         3824    i.json_true         jansson_CM3LE.lib(value.o)
    0x08005d0c   0x08005d0c   0x00000022   Code   RO         4161    i.jsonp_error_init  jansson_CM3LE.lib(error.o)
    0x08005d2e   0x08005d2e   0x00000010   Code   RO         4162    i.jsonp_error_set   jansson_CM3LE.lib(error.o)
    0x08005d3e   0x08005d3e   0x00000002   PAD
    0x08005d40   0x08005d40   0x0000003c   Code   RO         4163    i.jsonp_error_set_source  jansson_CM3LE.lib(error.o)
    0x08005d7c   0x08005d7c   0x0000002c   Code   RO         4164    i.jsonp_error_vset  jansson_CM3LE.lib(error.o)
    0x08005da8   0x08005da8   0x00000010   Code   RO         4376    i.jsonp_free        jansson_CM3LE.lib(memory.o)
    0x08005db8   0x08005db8   0x00000010   Code   RO         4377    i.jsonp_malloc      jansson_CM3LE.lib(memory.o)
    0x08005dc8   0x08005dc8   0x0000000a   Code   RO         3825    i.jsonp_stringn_nocheck_own  jansson_CM3LE.lib(value.o)
    0x08005dd2   0x08005dd2   0x00000024   Code   RO         4379    i.jsonp_strndup     jansson_CM3LE.lib(memory.o)
    0x08005df6   0x08005df6   0x00000002   PAD
    0x08005df8   0x08005df8   0x00000064   Code   RO         4482    i.jsonp_strtod      jansson_CM3LE.lib(strconv.o)
    0x08005e5c   0x08005e5c   0x00000074   Code   RO         5233    i.ldexp             m_ws.l(ldexp.o)
    0x08005ed0   0x08005ed0   0x0000001c   Code   RO         3580    i.lex_close         jansson_CM3LE.lib(load.o)
    0x08005eec   0x08005eec   0x00000012   Code   RO         3581    i.lex_free_string   jansson_CM3LE.lib(load.o)
    0x08005efe   0x08005efe   0x00000008   Code   RO         3582    i.lex_get           jansson_CM3LE.lib(load.o)
    0x08005f06   0x08005f06   0x0000001e   Code   RO         3583    i.lex_get_save      jansson_CM3LE.lib(load.o)
    0x08005f24   0x08005f24   0x00000030   Code   RO         3584    i.lex_init          jansson_CM3LE.lib(load.o)
    0x08005f54   0x08005f54   0x0000000c   Code   RO         3585    i.lex_save          jansson_CM3LE.lib(load.o)
    0x08005f60   0x08005f60   0x00000138   Code   RO         3586    i.lex_scan          jansson_CM3LE.lib(load.o)
    0x08006098   0x08006098   0x0000018c   Code   RO         3587    i.lex_scan_number   jansson_CM3LE.lib(load.o)
    0x08006224   0x08006224   0x00000288   Code   RO         3588    i.lex_scan_string   jansson_CM3LE.lib(load.o)
    0x080064ac   0x080064ac   0x00000026   Code   RO         3589    i.lex_unget_unsave  jansson_CM3LE.lib(load.o)
    0x080064d2   0x080064d2   0x0000000e   Code   RO         4237    i.list_insert       jansson_CM3LE.lib(hashtable.o)
    0x080064e0   0x080064e0   0x00000134   Code   RO           19    i.main              main.o
    0x08006614   0x08006614   0x00000010   Code   RO         3203    i.oled_pow          oled.o
    0x08006624   0x08006624   0x00000094   Code   RO         3590    i.parse_array       jansson_CM3LE.lib(load.o)
    0x080066b8   0x080066b8   0x00000094   Code   RO         3591    i.parse_json        jansson_CM3LE.lib(load.o)
    0x0800674c   0x0800674c   0x00000180   Code   RO         3592    i.parse_object      jansson_CM3LE.lib(load.o)
    0x080068cc   0x080068cc   0x00000140   Code   RO         3593    i.parse_value       jansson_CM3LE.lib(load.o)
    0x08006a0c   0x08006a0c   0x00000004   Code   RO         3557    i.seed_from_timestamp_and_pid  jansson_config.o
    0x08006a10   0x08006a10   0x0000000c   Code   RO         4422    i.strbuffer_append_byte  jansson_CM3LE.lib(strbuffer.o)
    0x08006a1c   0x08006a1c   0x00000070   Code   RO         4423    i.strbuffer_append_bytes  jansson_CM3LE.lib(strbuffer.o)
    0x08006a8c   0x08006a8c   0x0000000a   Code   RO         4424    i.strbuffer_clear   jansson_CM3LE.lib(strbuffer.o)
    0x08006a96   0x08006a96   0x00000018   Code   RO         4425    i.strbuffer_close   jansson_CM3LE.lib(strbuffer.o)
    0x08006aae   0x08006aae   0x00000022   Code   RO         4426    i.strbuffer_init    jansson_CM3LE.lib(strbuffer.o)
    0x08006ad0   0x08006ad0   0x00000018   Code   RO         4427    i.strbuffer_pop     jansson_CM3LE.lib(strbuffer.o)
    0x08006ae8   0x08006ae8   0x00000004   Code   RO         4429    i.strbuffer_value   jansson_CM3LE.lib(strbuffer.o)
    0x08006aec   0x08006aec   0x000000e4   Code   RO         3594    i.stream_get        jansson_CM3LE.lib(load.o)
    0x08006bd0   0x08006bd0   0x0000004a   Code   RO         3595    i.stream_unget      jansson_CM3LE.lib(load.o)
    0x08006c1a   0x08006c1a   0x0000003e   Code   RO         3826    i.string_create     jansson_CM3LE.lib(value.o)
    0x08006c58   0x08006c58   0x00000018   Code   RO         3596    i.string_get        jansson_CM3LE.lib(load.o)
    0x08006c70   0x08006c70   0x0000001c   Code   RO         4787    i.strtod            m_ws.l(strtod.o)
    0x08006c8c   0x08006c8c   0x0000003c   Code   RO         4518    i.utf8_check_first  jansson_CM3LE.lib(utf.o)
    0x08006cc8   0x08006cc8   0x00000088   Code   RO         4519    i.utf8_check_full   jansson_CM3LE.lib(utf.o)
    0x08006d50   0x08006d50   0x0000007c   Code   RO         4521    i.utf8_encode       jansson_CM3LE.lib(utf.o)
    0x08006dcc   0x08006dcc   0x0000002c   Code   RO         5077    locale$$code        c_w.l(lc_numeric_c.o)
    0x08006df8   0x08006df8   0x0000002c   Code   RO         5135    locale$$code        c_w.l(lc_ctype_c.o)
    0x08006e24   0x08006e24   0x00000062   Code   RO         5212    x$fpl$d2f           fz_ws.l(d2f.o)
    0x08006e86   0x08006e86   0x00000002   PAD
    0x08006e88   0x08006e88   0x00000010   Code   RO         5243    x$fpl$dcheck1       fz_ws.l(dcheck1.o)
    0x08006e98   0x08006e98   0x00000018   Code   RO         4971    x$fpl$dcmpinf       fz_ws.l(dcmpi.o)
    0x08006eb0   0x08006eb0   0x00000078   Code   RO         4778    x$fpl$deqf          fz_ws.l(deqf.o)
    0x08006f28   0x08006f28   0x00000078   Code   RO         5225    x$fpl$dleqf         fz_ws.l(dleqf.o)
    0x08006fa0   0x08006fa0   0x0000009c   Code   RO         4973    x$fpl$dnaninf       fz_ws.l(dnaninf.o)
    0x0800703c   0x0800703c   0x0000006c   Code   RO         5214    x$fpl$drleqf        fz_ws.l(drleqf.o)
    0x080070a8   0x080070a8   0x0000000a   Code   RO         5227    x$fpl$fretinf       fz_ws.l(fretinf.o)
    0x080070b2   0x080070b2   0x00000006   Code   RO         5116    x$fpl$ieeestatus    fz_ws.l(istatus.o)
    0x080070b8   0x080070b8   0x00000004   Code   RO         4784    x$fpl$printf1       fz_ws.l(printf1.o)
    0x080070bc   0x080070bc   0x00000064   Code   RO         5272    x$fpl$retnan        fz_ws.l(retnan.o)
    0x08007120   0x08007120   0x0000005c   Code   RO         5229    x$fpl$scalbn        fz_ws.l(scalbn.o)
    0x0800717c   0x0800717c   0x00000004   Code   RO         5118    x$fpl$scanf1        fz_ws.l(scanf1.o)
    0x08007180   0x08007180   0x00000008   Code   RO         5177    x$fpl$scanf2        fz_ws.l(scanf2.o)
    0x08007188   0x08007188   0x00000030   Code   RO         5276    x$fpl$trapveneer    fz_ws.l(trapv.o)
    0x080071b8   0x080071b8   0x00000000   Code   RO         4975    x$fpl$usenofp       fz_ws.l(usenofp.o)
    0x080071b8   0x080071b8   0x0000000c   Code   RO         4758    x$udivmod           c_w.l(aeabi_sdiv.o)
    0x080071c4   0x080071c4   0x00000010   Data   RO         3154    .constdata          system_stm32f1xx.o
    0x080071d4   0x080071d4   0x00000008   Data   RO         3155    .constdata          system_stm32f1xx.o
    0x080071dc   0x080071dc   0x00000af0   Data   RO         3205    .constdata          oled.o
    0x08007ccc   0x08007ccc   0x00000011   Data   RO         4675    .constdata          c_w.l(__printf_flags_ss_wp.o)
    0x08007cdd   0x08007cdd   0x00000003   PAD
    0x08007ce0   0x08007ce0   0x00000008   Data   RO         4851    .constdata          c_w.l(_printf_wctomb.o)
    0x08007ce8   0x08007ce8   0x00000028   Data   RO         4880    .constdata          c_w.l(_printf_hex_int_ll_ptr.o)
    0x08007d10   0x08007d10   0x00000094   Data   RO         5032    .constdata          c_w.l(bigflt0.o)
    0x08007da4   0x08007da4   0x0000004d   Data   RO         3488    .conststring        wifi.o
    0x08007df1   0x08007df1   0x00000003   PAD
    0x08007df4   0x08007df4   0x00000020   Data   RO         5278    Region$$Table       anon$$obj.o
    0x08007e14   0x08007e14   0x00000008   Data   RO         5173    c$$dinf             fz_ws.l(fpconst.o)
    0x08007e1c   0x08007e1c   0x00000008   Data   RO         5176    c$$dmax             fz_ws.l(fpconst.o)
    0x08007e24   0x08007e24   0x0000001c   Data   RO         5076    locale$$data        c_w.l(lc_numeric_c.o)
    0x08007e40   0x08007e40   0x00000110   Data   RO         5134    locale$$data        c_w.l(lc_ctype_c.o)


    Execution Region RW_IRAM1 (Exec base: 0x20000000, Load base: 0x08007f50, Size: 0x00000a08, Max: 0x00005000, ABSOLUTE)

    Exec Addr    Load Addr    Size         Type   Attr      Idx    E Section Name        Object

    0x20000000   0x08007f50   0x0000000c   Data   RW           21    .data               main.o
    0x2000000c   0x08007f5c   0x0000000c   Data   RW          872    .data               stm32f1xx_hal.o
    0x20000018   0x08007f68   0x00000004   Data   RW         3156    .data               system_stm32f1xx.o
    0x2000001c   0x08007f6c   0x00000024   Data   RW         3307    .data               k155id1.o
    0x20000040   0x08007f90   0x00000004   Data   RW         3491    .data               wifi.o
    0x20000044   0x08007f94   0x00000018   Data   RW         3827    .data               jansson_CM3LE.lib(value.o)
    0x2000005c   0x08007fac   0x00000008   Data   RW         4380    .data               jansson_CM3LE.lib(memory.o)
    0x20000064   0x08007fb4   0x00000004   Data   RW         4555    .data               jansson_CM3LE.lib(hashtable_seed.o)
    0x20000068        -       0x00000200   Zero   RW           20    .bss                main.o
    0x20000268        -       0x00000058   Zero   RW          242    .bss                spi.o
    0x200002c0        -       0x00000048   Zero   RW          284    .bss                tim.o
    0x20000308        -       0x00000044   Zero   RW          326    .bss                usart.o
    0x2000034c        -       0x0000000c   Zero   RW         3306    .bss                k155id1.o
    0x20000358        -       0x00000010   Zero   RW         3362    .bss                ds3231_iic.o
    0x20000368        -       0x00000040   Zero   RW         3487    .bss                wifi.o
    0x200003a8        -       0x00000060   Zero   RW         4798    .bss                c_w.l(libspace.o)
    0x20000408        -       0x00000200   Zero   RW            2    HEAP                startup_stm32f103xb.o
    0x20000608        -       0x00000400   Zero   RW            1    STACK               startup_stm32f103xb.o


==============================================================================

Image component sizes


      Code (inc. data)   RO Data    RW Data    ZI Data      Debug   Object Name

       818         38          0          0         16       9788   ds3231_iic.o
       244         16          0          0          0        975   gpio.o
         4          0          0          0          0        850   jansson_config.o
      1438        104          0         36         12       3246   k155id1.o
       744         78          0         12        512     441669   main.o
       866         32       2800          0          0       6896   oled.o
       164         22          0          0         88       1649   spi.o
        64         26        236          0       1536        804   startup_stm32f103xb.o
       164         28          0         12          0       5921   stm32f1xx_hal.o
       198         14          0          0          0      28959   stm32f1xx_hal_cortex.o
       222          4          0          0          0       1779   stm32f1xx_hal_dma.o
       540         40          0          0          0       4735   stm32f1xx_hal_gpio.o
        60          8          0          0          0        874   stm32f1xx_hal_msp.o
      1280        102          0          0          0       5240   stm32f1xx_hal_rcc.o
       752          4          0          0          0       4410   stm32f1xx_hal_spi.o
       972         26          0          0          0       9697   stm32f1xx_hal_tim.o
       108         12          0          0          0       2385   stm32f1xx_hal_tim_ex.o
      1432         10          0          0          0      10564   stm32f1xx_hal_uart.o
        72         12          0          0          0       5700   stm32f1xx_it.o
         2          0         24          4          0       1127   system_stm32f1xx.o
       160         12          0          0         72       1670   tim.o
       188         22          0          0         68       1706   usart.o
       434        214         77          4         64       3074   wifi.o

    ----------------------------------------------------------------------
     10954        824       3172         68       2368     553718   Object Totals
         0          0         32          0          0          0   (incl. Generated)
        28          0          3          0          0          0   (incl. Padding)

    ----------------------------------------------------------------------

      Code (inc. data)   RO Data    RW Data    ZI Data      Debug   Library Member Name

        56          6          0          0          0         88   __2snprintf.o
        44          6          0          0          0         84   __2sprintf.o
         8          0          0          0          0         68   __main.o
       392          4         17          0          0         92   __printf_flags_ss_wp.o
        14          0          0          0          0         68   __printf_wp.o
         0          0          0          0          0          0   __rtentry.o
        12          0          0          0          0          0   __rtentry2.o
         6          0          0          0          0          0   __rtentry4.o
        52          8          0          0          0          0   __scatter.o
        26          0          0          0          0          0   __scatter_copy.o
        28          0          0          0          0          0   __scatter_zi.o
       144          0          0          0          0         88   __strtoll.o
        28          0          0          0          0         68   _chval.o
         6          0          0          0          0          0   _printf_a.o
         6          0          0          0          0          0   _printf_c.o
        44          0          0          0          0        108   _printf_char.o
        48          6          0          0          0         96   _printf_char_common.o
        40          0          0          0          0         68   _printf_charcount.o
         6          0          0          0          0          0   _printf_d.o
       120         16          0          0          0         92   _printf_dec.o
         6          0          0          0          0          0   _printf_e.o
         6          0          0          0          0          0   _printf_f.o
      1054          0          0          0          0        216   _printf_fp_dec.o
       128         16          0          0          0         84   _printf_fp_infnan.o
         6          0          0          0          0          0   _printf_g.o
       148          4         40          0          0        160   _printf_hex_int_ll_ptr.o
         6          0          0          0          0          0   _printf_i.o
       178          0          0          0          0         88   _printf_intcommon.o
        10          0          0          0          0          0   _printf_l.o
         6          0          0          0          0          0   _printf_lc.o
        10          0          0          0          0          0   _printf_ll.o
         6          0          0          0          0          0   _printf_lld.o
         6          0          0          0          0          0   _printf_lli.o
         6          0          0          0          0          0   _printf_llo.o
         6          0          0          0          0          0   _printf_llu.o
         6          0          0          0          0          0   _printf_llx.o
       124         16          0          0          0         92   _printf_longlong_dec.o
         6          0          0          0          0          0   _printf_ls.o
         6          0          0          0          0          0   _printf_n.o
         6          0          0          0          0          0   _printf_o.o
       112         10          0          0          0        124   _printf_oct_int_ll.o
         6          0          0          0          0          0   _printf_p.o
        78          0          0          0          0        108   _printf_pad.o
         0          0          0          0          0          0   _printf_percent.o
         4          0          0          0          0          0   _printf_percent_end.o
         6          0          0          0          0          0   _printf_s.o
        82          0          0          0          0         80   _printf_str.o
        36          0          0          0          0         84   _printf_truncate.o
         6          0          0          0          0          0   _printf_u.o
        44          0          0          0          0        108   _printf_wchar.o
       188          6          8          0          0         92   _printf_wctomb.o
         6          0          0          0          0          0   _printf_x.o
        22          0          0          0          0        100   _rserrno.o
        64          0          0          0          0         84   _sgetc.o
        16          0          0          0          0         68   _snputc.o
        10          0          0          0          0         68   _sputc.o
       194          0          0          0          0         96   _strtoull.o
        64          0          0          0          0         92   _wcrtomb.o
        22          0          0          0          0         80   abort.o
        12          0          0          0          0         68   aeabi_sdiv.o
       228          4        148          0          0         96   bigflt0.o
      2152        136          0          0          0        960   btod.o
        52          4          0          0          0         80   c89vsnprintf.o
        48         34          0          0          0         76   defsig_abrt_inner.o
        14          0          0          0          0         80   defsig_abrt_outer.o
        10          0          0          0          0         68   defsig_exit.o
        50          0          0          0          0         88   defsig_general.o
        80         58          0          0          0         76   defsig_rtmem_inner.o
        14          0          0          0          0         80   defsig_rtmem_outer.o
        18          0          0          0          0         80   exit.o
        94          0          0          0          0         80   h1_alloc.o
        52          0          0          0          0         68   h1_extend.o
        78          0          0          0          0         80   h1_free.o
        14          0          0          0          0         84   h1_init.o
         6          0          0          0          0        152   heapauxi.o
         4          0          0          0          0        136   hguard.o
         0          0          0          0          0          0   indicate_semi.o
       138          0          0          0          0        168   init_alloc.o
        18          0          0          0          0         76   isspace.o
        44         10        272          0          0         76   lc_ctype_c.o
        44         10         28          0          0         76   lc_numeric_c.o
         2          0          0          0          0          0   libinit.o
        38          0          0          0          0          0   libinit2.o
         2          0          0          0          0          0   libshutdown.o
         2          0          0          0          0          0   libshutdown2.o
         8          4          0          0         96         68   libspace.o
        38          0          0          0          0         68   llshl.o
       138          0          0          0          0         80   lludiv10.o
         0          0          0          0          0          0   maybetermalloc1.o
        20          0          0          0          0         68   memchr.o
        16          4          0          0          0         76   rt_ctype_table.o
         8          4          0          0          0         68   rt_errno_addr_intlibspace.o
         8          4          0          0          0         68   rt_heap_descriptor_intlibspace.o
         8          4          0          0          0         68   rt_locale_intlibspace.o
        68          0          0          0          0         68   rt_memclr.o
        78          0          0          0          0         80   rt_memclr_w.o
       138          0          0          0          0         68   rt_memcpy_v6.o
       100          0          0          0          0         80   rt_memcpy_w.o
         2          0          0          0          0          0   rtexit.o
        10          0          0          0          0          0   rtexit2.o
      1272         16          0          0          0        168   scanf_fp.o
       800         14          0          0          0        100   scanf_hexfp.o
       308         16          0          0          0        100   scanf_infnan.o
       128          0          0          0          0         68   strcmpv7m.o
        72          0          0          0          0         80   strcpy.o
        62          0          0          0          0         76   strlen.o
       164         14          0          0          0        120   strtod.o
         4          0          0          0          0         68   strtoll.o
        12          4          0          0          0         68   sys_exit.o
        74          0          0          0          0         80   sys_stackheap_outer.o
        14          0          0          0          0         76   sys_wrch.o
         2          0          0          0          0         68   use_no_semi.o
        98          4          0          0          0         92   d2f.o
        16          4          0          0          0         68   dcheck1.o
        24          0          0          0          0         68   dcmpi.o
       120          4          0          0          0         92   deqf.o
       120          4          0          0          0         92   dleqf.o
       156          4          0          0          0         92   dnaninf.o
       108          0          0          0          0         80   drleqf.o
         0          0         16          0          0          0   fpconst.o
        10          0          0          0          0         68   fretinf.o
         6          0          0          0          0         68   istatus.o
         4          0          0          0          0         68   printf1.o
       100          0          0          0          0         68   retnan.o
        92          0          0          0          0         68   scalbn.o
         4          0          0          0          0         68   scanf1.o
         8          0          0          0          0         84   scanf2.o
        48          0          0          0          0         68   trapv.o
         0          0          0          0          0          0   usenofp.o
       154          4          0          0          0       6477   error.o
       988         32          0          0          0      15308   hashtable.o
        40          6          0          4          0       1280   hashtable_seed.o
      3288        680          0          0          0      24773   load.o
        68          8          0          8          0       5614   memory.o
       220          4          0          0          0       4432   strbuffer.o
       100         10          0          0          0       1151   strconv.o
       320         14          0          0          0       2507   utf.o
       742         32          0         24          0      20126   value.o
        30          6          0          0          0        136   dunder.o
        40          0          0          0          0         68   fpclassify.o
        88          8          0          0          0         76   frexp.o
       138          0          0          0          0        160   ldexp.o
       204          4          0          0          0        168   narrow.o
        28          0          0          0          0         80   strtod.o

    ----------------------------------------------------------------------
     17934       1268        532         36         96      90924   Library Totals
        36          2          3          0          0          0   (incl. Padding)

    ----------------------------------------------------------------------

      Code (inc. data)   RO Data    RW Data    ZI Data      Debug   Library Name

     10536        438        513          0         96       7424   c_w.l
       914         20         16          0          0       1144   fz_ws.l
      5920        790          0         36          0      81668   jansson_CM3LE.lib
       528         18          0          0          0        688   m_ws.l

    ----------------------------------------------------------------------
     17934       1268        532         36         96      90924   Library Totals

    ----------------------------------------------------------------------

==============================================================================


      Code (inc. data)   RO Data    RW Data    ZI Data      Debug   

     28888       2092       3704        104       2464     630474   Grand Totals
     28888       2092       3704        104       2464     630474   ELF Image Totals
     28888       2092       3704        104          0          0   ROM Totals

==============================================================================

    Total RO  Size (Code + RO Data)                32592 (  31.83kB)
    Total RW  Size (RW Data + ZI Data)              2568 (   2.51kB)
    Total ROM Size (Code + RO Data + RW Data)      32696 (  31.93kB)

==============================================================================

